../Core/Src/ncc/poly.c:401:21:rej_uniform	20	static
../Core/Src/ncc/poly.c:454:21:rej_eta.constprop	20	static
../Core/Src/ncc/poly.c:153:6:ntt	8	static
../Core/Src/ncc/poly.c:177:6:invntt_tomont	8	static
../Core/Src/ncc/poly.c:199:6:pointwise_mul	24	static
../Core/Src/ncc/poly.c:205:6:base_mul	24	static
../Core/Src/ncc/poly.c:223:6:poly_base_mul	0	static
../Core/Src/ncc/poly.c:240:6:reduce_modQ	8	static
../Core/Src/ncc/poly.c:247:6:poly_mul_schoolbook	9272	static
../Core/Src/ncc/poly.c:282:6:poly_caddq	16	static
../Core/Src/ncc/poly.c:292:6:poly_add	12	static
../Core/Src/ncc/poly.c:302:6:poly_modadd	24	static
../Core/Src/ncc/poly.c:310:6:poly_sub	12	static
../Core/Src/ncc/poly.c:320:6:poly_modsub	24	static
../Core/Src/ncc/poly.c:326:6:poly_shiftl	0	static
../Core/Src/ncc/poly.c:336:6:poly_power2round	24	static
../Core/Src/ncc/poly.c:346:6:poly_decompose	24	static
../Core/Src/ncc/poly.c:356:14:poly_make_hint	24	static
../Core/Src/ncc/poly.c:369:6:poly_use_hint	24	static
../Core/Src/ncc/poly.c:379:5:poly_chknorm	8	static
../Core/Src/ncc/poly.c:426:6:poly_uniform	3768	static
../Core/Src/ncc/poly.c:503:6:poly_uniform_eta	360	static
../Core/Src/ncc/poly.c:525:6:poly_uniform_gamma1	3072	static
../Core/Src/ncc/poly.c:537:6:poly_challenge	360	static
../Core/Src/ncc/poly.c:597:6:poly_reduce	16	static
