Archive member included to satisfy reference by file (symbol)

C:/ST/STM32CubeIDE_1.15.0/STM32CubeIDE/plugins/com.st.stm32cube.ide.mcu.externaltools.gnu-tools-for-stm32.12.3.rel1.win32_1.0.100.202403111256/tools/bin/../lib/gcc/arm-none-eabi/12.3.1/../../../../arm-none-eabi/lib/thumb/v7e-m+fp/hard\libc_nano.a(libc_a-exit.o)
                              C:/ST/STM32CubeIDE_1.15.0/STM32CubeIDE/plugins/com.st.stm32cube.ide.mcu.externaltools.gnu-tools-for-stm32.12.3.rel1.win32_1.0.100.202403111256/tools/bin/../lib/gcc/arm-none-eabi/12.3.1/../../../../arm-none-eabi/lib/thumb/v7e-m+fp/hard/crt0.o (exit)
C:/ST/STM32CubeIDE_1.15.0/STM32CubeIDE/plugins/com.st.stm32cube.ide.mcu.externaltools.gnu-tools-for-stm32.12.3.rel1.win32_1.0.100.202403111256/tools/bin/../lib/gcc/arm-none-eabi/12.3.1/../../../../arm-none-eabi/lib/thumb/v7e-m+fp/hard\libc_nano.a(libc_a-malloc.o)
                              ./Core/Src/ncc/aes.o (malloc)
C:/ST/STM32CubeIDE_1.15.0/STM32CubeIDE/plugins/com.st.stm32cube.ide.mcu.externaltools.gnu-tools-for-stm32.12.3.rel1.win32_1.0.100.202403111256/tools/bin/../lib/gcc/arm-none-eabi/12.3.1/../../../../arm-none-eabi/lib/thumb/v7e-m+fp/hard\libc_nano.a(libc_a-mallocr.o)
                              C:/ST/STM32CubeIDE_1.15.0/STM32CubeIDE/plugins/com.st.stm32cube.ide.mcu.externaltools.gnu-tools-for-stm32.12.3.rel1.win32_1.0.100.202403111256/tools/bin/../lib/gcc/arm-none-eabi/12.3.1/../../../../arm-none-eabi/lib/thumb/v7e-m+fp/hard\libc_nano.a(libc_a-malloc.o) (_malloc_r)
C:/ST/STM32CubeIDE_1.15.0/STM32CubeIDE/plugins/com.st.stm32cube.ide.mcu.externaltools.gnu-tools-for-stm32.12.3.rel1.win32_1.0.100.202403111256/tools/bin/../lib/gcc/arm-none-eabi/12.3.1/../../../../arm-none-eabi/lib/thumb/v7e-m+fp/hard\libc_nano.a(libc_a-mlock.o)
                              C:/ST/STM32CubeIDE_1.15.0/STM32CubeIDE/plugins/com.st.stm32cube.ide.mcu.externaltools.gnu-tools-for-stm32.12.3.rel1.win32_1.0.100.202403111256/tools/bin/../lib/gcc/arm-none-eabi/12.3.1/../../../../arm-none-eabi/lib/thumb/v7e-m+fp/hard\libc_nano.a(libc_a-mallocr.o) (__malloc_lock)
C:/ST/STM32CubeIDE_1.15.0/STM32CubeIDE/plugins/com.st.stm32cube.ide.mcu.externaltools.gnu-tools-for-stm32.12.3.rel1.win32_1.0.100.202403111256/tools/bin/../lib/gcc/arm-none-eabi/12.3.1/../../../../arm-none-eabi/lib/thumb/v7e-m+fp/hard\libc_nano.a(libc_a-findfp.o)
                              C:/ST/STM32CubeIDE_1.15.0/STM32CubeIDE/plugins/com.st.stm32cube.ide.mcu.externaltools.gnu-tools-for-stm32.12.3.rel1.win32_1.0.100.202403111256/tools/bin/../lib/gcc/arm-none-eabi/12.3.1/../../../../arm-none-eabi/lib/thumb/v7e-m+fp/hard\libc_nano.a(libc_a-exit.o) (__stdio_exit_handler)
C:/ST/STM32CubeIDE_1.15.0/STM32CubeIDE/plugins/com.st.stm32cube.ide.mcu.externaltools.gnu-tools-for-stm32.12.3.rel1.win32_1.0.100.202403111256/tools/bin/../lib/gcc/arm-none-eabi/12.3.1/../../../../arm-none-eabi/lib/thumb/v7e-m+fp/hard\libc_nano.a(libc_a-fwalk.o)
                              C:/ST/STM32CubeIDE_1.15.0/STM32CubeIDE/plugins/com.st.stm32cube.ide.mcu.externaltools.gnu-tools-for-stm32.12.3.rel1.win32_1.0.100.202403111256/tools/bin/../lib/gcc/arm-none-eabi/12.3.1/../../../../arm-none-eabi/lib/thumb/v7e-m+fp/hard\libc_nano.a(libc_a-findfp.o) (_fwalk_sglue)
C:/ST/STM32CubeIDE_1.15.0/STM32CubeIDE/plugins/com.st.stm32cube.ide.mcu.externaltools.gnu-tools-for-stm32.12.3.rel1.win32_1.0.100.202403111256/tools/bin/../lib/gcc/arm-none-eabi/12.3.1/../../../../arm-none-eabi/lib/thumb/v7e-m+fp/hard\libc_nano.a(libc_a-printf.o)
                              ./Core/Src/main.o (printf)
C:/ST/STM32CubeIDE_1.15.0/STM32CubeIDE/plugins/com.st.stm32cube.ide.mcu.externaltools.gnu-tools-for-stm32.12.3.rel1.win32_1.0.100.202403111256/tools/bin/../lib/gcc/arm-none-eabi/12.3.1/../../../../arm-none-eabi/lib/thumb/v7e-m+fp/hard\libc_nano.a(libc_a-puts.o)
                              ./Core/Src/main.o (puts)
C:/ST/STM32CubeIDE_1.15.0/STM32CubeIDE/plugins/com.st.stm32cube.ide.mcu.externaltools.gnu-tools-for-stm32.12.3.rel1.win32_1.0.100.202403111256/tools/bin/../lib/gcc/arm-none-eabi/12.3.1/../../../../arm-none-eabi/lib/thumb/v7e-m+fp/hard\libc_nano.a(libc_a-stdio.o)
                              C:/ST/STM32CubeIDE_1.15.0/STM32CubeIDE/plugins/com.st.stm32cube.ide.mcu.externaltools.gnu-tools-for-stm32.12.3.rel1.win32_1.0.100.202403111256/tools/bin/../lib/gcc/arm-none-eabi/12.3.1/../../../../arm-none-eabi/lib/thumb/v7e-m+fp/hard\libc_nano.a(libc_a-findfp.o) (__sread)
C:/ST/STM32CubeIDE_1.15.0/STM32CubeIDE/plugins/com.st.stm32cube.ide.mcu.externaltools.gnu-tools-for-stm32.12.3.rel1.win32_1.0.100.202403111256/tools/bin/../lib/gcc/arm-none-eabi/12.3.1/../../../../arm-none-eabi/lib/thumb/v7e-m+fp/hard\libc_nano.a(libc_a-wbuf.o)
                              C:/ST/STM32CubeIDE_1.15.0/STM32CubeIDE/plugins/com.st.stm32cube.ide.mcu.externaltools.gnu-tools-for-stm32.12.3.rel1.win32_1.0.100.202403111256/tools/bin/../lib/gcc/arm-none-eabi/12.3.1/../../../../arm-none-eabi/lib/thumb/v7e-m+fp/hard\libc_nano.a(libc_a-puts.o) (__swbuf_r)
[...]
Memory Configuration

Name             Origin             Length             Attributes
RAM              0x20000000         0x000a0000         xrw
RAM2             0x10000000         0x00010000         xrw
RAM3             0x20040000         0x00060000         xrw
FLASH            0x08000000         0x00200000         xr
*default*        0x00000000         0xffffffff

Linker script and memory map

LOAD C:/ST/STM32CubeIDE_1.15.0/STM32CubeIDE/plugins/com.st.stm32cube.ide.mcu.externaltools.gnu-tools-for-stm32.12.3.rel1.win32_1.0.100.202403111256/tools/bin/../lib/gcc/arm-none-eabi/12.3.1/thumb/v7e-m+fp/hard/crti.o
LOAD C:/ST/STM32CubeIDE_1.15.0/STM32CubeIDE/plugins/com.st.stm32cube.ide.mcu.externaltools.gnu-tools-for-stm32.12.3.rel1.win32_1.0.100.202403111256/tools/bin/../lib/gcc/arm-none-eabi/12.3.1/thumb/v7e-m+fp/hard/crtbegin.o
LOAD C:/ST/STM32CubeIDE_1.15.0/STM32CubeIDE/plugins/com.st.stm32cube.ide.mcu.externaltools.gnu-tools-for-stm32.12.3.rel1.win32_1.0.100.202403111256/tools/bin/../lib/gcc/arm-none-eabi/12.3.1/../../../../arm-none-eabi/lib/thumb/v7e-m+fp/hard/crt0.o
LOAD ./Core/Src/main.o
LOAD ./Core/Src/stm32l4xx_hal_msp.o
LOAD ./Core/Src/stm32l4xx_it.o
LOAD ./Core/Src/syscalls.o
LOAD ./Core/Src/sysmem.o
LOAD ./Core/Src/system_stm32l4xx.o
LOAD ./Core/Src/ncc/aes.o
LOAD ./Core/Src/ncc/fips202.o
LOAD ./Core/Src/ncc/intt.o
LOAD ./Core/Src/ncc/keccakf1600.o
LOAD ./Core/Src/ncc/mont.o
LOAD ./Core/Src/ncc/ntt.o
LOAD ./Core/Src/ncc/packing.o
LOAD ./Core/Src/ncc/poly.o
LOAD ./Core/Src/ncc/randombytes.o
LOAD ./Core/Src/ncc/reduce.o
LOAD ./Core/Src/ncc/rounding.o
LOAD ./Core/Src/ncc/sign.o
LOAD ./Core/Src/ncc/symmetric-aes.o
LOAD ./Core/Src/ncc/symmetric-shake.o
LOAD ./Core/Startup/startup_stm32l4r5zitx.o
LOAD ./Drivers/STM32L4xx_HAL_Driver/Src/stm32l4xx_hal.o
LOAD ./Drivers/STM32L4xx_HAL_Driver/Src/stm32l4xx_hal_cortex.o
LOAD ./Drivers/STM32L4xx_HAL_Driver/Src/stm32l4xx_hal_dma.o
LOAD ./Drivers/STM32L4xx_HAL_Driver/Src/stm32l4xx_hal_dma_ex.o
LOAD ./Drivers/STM32L4xx_HAL_Driver/Src/stm32l4xx_hal_exti.o
LOAD ./Drivers/STM32L4xx_HAL_Driver/Src/stm32l4xx_hal_flash.o
LOAD ./Drivers/STM32L4xx_HAL_Driver/Src/stm32l4xx_hal_flash_ex.o
LOAD ./Drivers/STM32L4xx_HAL_Driver/Src/stm32l4xx_hal_flash_ramfunc.o
LOAD ./Drivers/STM32L4xx_HAL_Driver/Src/stm32l4xx_hal_gpio.o
LOAD ./Drivers/STM32L4xx_HAL_Driver/Src/stm32l4xx_hal_i2c.o
LOAD ./Drivers/STM32L4xx_HAL_Driver/Src/stm32l4xx_hal_i2c_ex.o
LOAD ./Drivers/STM32L4xx_HAL_Driver/Src/stm32l4xx_hal_pcd.o
LOAD ./Drivers/STM32L4xx_HAL_Driver/Src/stm32l4xx_hal_pcd_ex.o
LOAD ./Drivers/STM32L4xx_HAL_Driver/Src/stm32l4xx_hal_pwr.o
LOAD ./Drivers/STM32L4xx_HAL_Driver/Src/stm32l4xx_hal_pwr_ex.o
LOAD ./Drivers/STM32L4xx_HAL_Driver/Src/stm32l4xx_hal_rcc.o
LOAD ./Drivers/STM32L4xx_HAL_Driver/Src/stm32l4xx_hal_rcc_ex.o
LOAD ./Drivers/STM32L4xx_HAL_Driver/Src/stm32l4xx_hal_tim.o
LOAD ./Drivers/STM32L4xx_HAL_Driver/Src/stm32l4xx_hal_tim_ex.o
LOAD ./Drivers/STM32L4xx_HAL_Driver/Src/stm32l4xx_hal_uart.o
LOAD ./Drivers/STM32L4xx_HAL_Driver/Src/stm32l4xx_hal_uart_ex.o
LOAD ./Drivers/STM32L4xx_HAL_Driver/Src/stm32l4xx_ll_usb.o
START GROUP
LOAD C:/ST/STM32CubeIDE_1.15.0/STM32CubeIDE/plugins/com.st.stm32cube.ide.mcu.externaltools.gnu-tools-for-stm32.12.3.rel1.win32_1.0.100.202403111256/tools/bin/../lib/gcc/arm-none-eabi/12.3.1/../../../../arm-none-eabi/lib/thumb/v7e-m+fp/hard\libc_nano.a
LOAD C:/ST/STM32CubeIDE_1.15.0/STM32CubeIDE/plugins/com.st.stm32cube.ide.mcu.externaltools.gnu-tools-for-stm32.12.3.rel1.win32_1.0.100.202403111256/tools/bin/../lib/gcc/arm-none-eabi/12.3.1/../../../../arm-none-eabi/lib/thumb/v7e-m+fp/hard\libm.a
END GROUP
START GROUP
LOAD C:/ST/STM32CubeIDE_1.15.0/STM32CubeIDE/plugins/com.st.stm32cube.ide.mcu.externaltools.gnu-tools-for-stm32.12.3.rel1.win32_1.0.100.202403111256/tools/bin/../lib/gcc/arm-none-eabi/12.3.1/thumb/v7e-m+fp/hard\libgcc.a
LOAD C:/ST/STM32CubeIDE_1.15.0/STM32CubeIDE/plugins/com.st.stm32cube.ide.mcu.externaltools.gnu-tools-for-stm32.12.3.rel1.win32_1.0.100.202403111256/tools/bin/../lib/gcc/arm-none-eabi/12.3.1/../../../../arm-none-eabi/lib/thumb/v7e-m+fp/hard\libc_nano.a
END GROUP
START GROUP
LOAD C:/ST/STM32CubeIDE_1.15.0/STM32CubeIDE/plugins/com.st.stm32cube.ide.mcu.externaltools.gnu-tools-for-stm32.12.3.rel1.win32_1.0.100.202403111256/tools/bin/../lib/gcc/arm-none-eabi/12.3.1/thumb/v7e-m+fp/hard\libgcc.a
LOAD C:/ST/STM32CubeIDE_1.15.0/STM32CubeIDE/plugins/com.st.stm32cube.ide.mcu.externaltools.gnu-tools-for-stm32.12.3.rel1.win32_1.0.100.202403111256/tools/bin/../lib/gcc/arm-none-eabi/12.3.1/../../../../arm-none-eabi/lib/thumb/v7e-m+fp/hard\libc_nano.a
LOAD C:/ST/STM32CubeIDE_1.15.0/STM32CubeIDE/plugins/com.st.stm32cube.ide.mcu.externaltools.gnu-tools-for-stm32.12.3.rel1.win32_1.0.100.202403111256/tools/bin/../lib/gcc/arm-none-eabi/12.3.1/../../../../arm-none-eabi/lib/thumb/v7e-m+fp/hard\libnosys.a
END GROUP
START GROUP
LOAD C:/ST/STM32CubeIDE_1.15.0/STM32CubeIDE/plugins/com.st.stm32cube.ide.mcu.externaltools.gnu-tools-for-stm32.12.3.rel1.win32_1.0.100.202403111256/tools/bin/../lib/gcc/arm-none-eabi/12.3.1/thumb/v7e-m+fp/hard\libgcc.a
LOAD C:/ST/STM32CubeIDE_1.15.0/STM32CubeIDE/plugins/com.st.stm32cube.ide.mcu.externaltools.gnu-tools-for-stm32.12.3.rel1.win32_1.0.100.202403111256/tools/bin/../lib/gcc/arm-none-eabi/12.3.1/../../../../arm-none-eabi/lib/thumb/v7e-m+fp/hard\libc_nano.a
LOAD C:/ST/STM32CubeIDE_1.15.0/STM32CubeIDE/plugins/com.st.stm32cube.ide.mcu.externaltools.gnu-tools-for-stm32.12.3.rel1.win32_1.0.100.202403111256/tools/bin/../lib/gcc/arm-none-eabi/12.3.1/../../../../arm-none-eabi/lib/thumb/v7e-m+fp/hard\libnosys.a
END GROUP
LOAD C:/ST/STM32CubeIDE_1.15.0/STM32CubeIDE/plugins/com.st.stm32cube.ide.mcu.externaltools.gnu-tools-for-stm32.12.3.rel1.win32_1.0.100.202403111256/tools/bin/../lib/gcc/arm-none-eabi/12.3.1/thumb/v7e-m+fp/hard/crtend.o
LOAD C:/ST/STM32CubeIDE_1.15.0/STM32CubeIDE/plugins/com.st.stm32cube.ide.mcu.externaltools.gnu-tools-for-stm32.12.3.rel1.win32_1.0.100.202403111256/tools/bin/../lib/gcc/arm-none-eabi/12.3.1/thumb/v7e-m+fp/hard/crtn.o
                0x200a0000                        _estack = (ORIGIN (RAM) + LENGTH (RAM))
                0x00000200                        _Min_Heap_Size = 0x200
                0x00000400                        _Min_Stack_Size = 0x400

.isr_vector     0x08000000      0x1bc
                0x08000000                        . = ALIGN (0x4)
 *(.isr_vector)
 .isr_vector    0x08000000      0x1bc ./Core/Startup/startup_stm32l4r5zitx.o
                0x08000000                g_pfnVectors
                0x080001bc                        . = ALIGN (0x4)

.text           0x08000200     0xb250
                0x08000200                        . = ALIGN (0x4)
 *(.text)
 .text          0x08000200       0x40 C:/ST/STM32CubeIDE_1.15.0/STM32CubeIDE/plugins/com.st.stm32cube.ide.mcu.externaltools.gnu-tools-for-stm32.12.3.rel1.win32_1.0.100.202403111256/tools/bin/../lib/gcc/arm-none-eabi/12.3.1/thumb/v7e-m+fp/hard/crtbegin.o
 .text          0x08000240     0x1b3c ./Core/Src/ncc/intt.o
                0x08000240                asm_intt_1
                0x08000878                asm_intt_1_radix3
                0x08000b14                asm_intt_3
                0x080012f4                asm_intt_5
                0x08001ae0                asm_intt_5_radix3
 *fill*         0x08001d7c       0x84 
 .text          0x08001e00     0x1fa0 ./Core/Src/ncc/keccakf1600.o
                0x08001e00                KeccakF1600_Initialize
                0x08001f00                KeccakF1600_StateXORBytes
                0x08002200                KeccakF1600_StateExtractBytes
                0x08002600                KeccakF1600_StatePermute
 .text          0x08003da0      0x26c ./Core/Src/ncc/mont.o
                0x08003da0                asm_pointwise_montgomery_1
                0x08003e0c                asm_pointwise_montgomery_3
                0x08003fa0                asm_pointwise_montgomery_5
 .text          0x0800400c     0x1978 ./Core/Src/ncc/ntt.o
                0x0800400c                asm_ntt_1
                0x08004588                asm_ntt_1_radix3
                0x08004860                asm_ntt_3
                0x08004f80                asm_ntt_5
                0x080056ac                asm_ntt_5_radix3
 *fill*         0x08005984        0xc 
 .text          0x08005990       0xa0 C:/ST/STM32CubeIDE_1.15.0/STM32CubeIDE/plugins/com.st.stm32cube.ide.mcu.externaltools.gnu-tools-for-stm32.12.3.rel1.win32_1.0.100.202403111256/tools/bin/../lib/gcc/arm-none-eabi/12.3.1/../../../../arm-none-eabi/lib/thumb/v7e-m+fp/hard\libc_nano.a(libc_a-memchr.o)
                0x08005990                memchr
 .text          0x08005a30       0x30 C:/ST/STM32CubeIDE_1.15.0/STM32CubeIDE/plugins/com.st.stm32cube.ide.mcu.externaltools.gnu-tools-for-stm32.12.3.rel1.win32_1.0.100.202403111256/tools/bin/../lib/gcc/arm-none-eabi/12.3.1/thumb/v7e-m+fp/hard\libgcc.a(_aeabi_uldivmod.o)
                0x08005a30                __aeabi_uldivmod
 .text          0x08005a60      0x2bc C:/ST/STM32CubeIDE_1.15.0/STM32CubeIDE/plugins/com.st.stm32cube.ide.mcu.externaltools.gnu-tools-for-stm32.12.3.rel1.win32_1.0.100.202403111256/tools/bin/../lib/gcc/arm-none-eabi/12.3.1/thumb/v7e-m+fp/hard\libgcc.a(_udivmoddi4.o)
                0x08005a60                __udivmoddi4
 .text          0x08005d1c        0x4 C:/ST/STM32CubeIDE_1.15.0/STM32CubeIDE/plugins/com.st.stm32cube.ide.mcu.externaltools.gnu-tools-for-stm32.12.3.rel1.win32_1.0.100.202403111256/tools/bin/../lib/gcc/arm-none-eabi/12.3.1/thumb/v7e-m+fp/hard\libgcc.a(_dvmd_tls.o)
                0x08005d1c                __aeabi_idiv0
                0x08005d1c                __aeabi_ldiv0
 *(.text*)
 .text.__io_putchar
                0x08005d20       0x20 ./Core/Src/main.o
                0x08005d20                __io_putchar
 .text.SystemClock_Config
                0x08005d40       0x80 ./Core/Src/main.o
                0x08005d40                SystemClock_Config
 .text.startup.main
                0x08005dc0      0x334 ./Core/Src/main.o
                0x08005dc0                main
 .text.Error_Handler
                0x080060f4        0x4 ./Core/Src/main.o
                0x080060f4                Error_Handler
 .text.HAL_MspInit
                0x080060f8       0x30 ./Core/Src/stm32l4xx_hal_msp.o
                0x080060f8                HAL_MspInit
 .text.HAL_UART_MspInit
                0x08006128      0x114 ./Core/Src/stm32l4xx_hal_msp.o
                0x08006128                HAL_UART_MspInit
 .text.HAL_PCD_MspInit
                0x0800623c       0xc8 ./Core/Src/stm32l4xx_hal_msp.o
                0x0800623c                HAL_PCD_MspInit
 .text.NMI_Handler
                0x08006304        0x4 ./Core/Src/stm32l4xx_it.o
                0x08006304                NMI_Handler
 .text.HardFault_Handler
                0x08006308        0x4 ./Core/Src/stm32l4xx_it.o
                0x08006308                HardFault_Handler
 .text.MemManage_Handler
                0x0800630c        0x4 ./Core/Src/stm32l4xx_it.o
                0x0800630c                MemManage_Handler
 .text.BusFault_Handler
                0x08006310        0x4 ./Core/Src/stm32l4xx_it.o
                0x08006310                BusFault_Handler
 .text.UsageFault_Handler
                0x08006314        0x4 ./Core/Src/stm32l4xx_it.o
                0x08006314                UsageFault_Handler
 .text.SVC_Handler
                0x08006318        0x4 ./Core/Src/stm32l4xx_it.o
                0x08006318                SVC_Handler
 .text.DebugMon_Handler
                0x0800631c        0x4 ./Core/Src/stm32l4xx_it.o
                0x0800631c                DebugMon_Handler
 .text.PendSV_Handler
                0x08006320        0x4 ./Core/Src/stm32l4xx_it.o
                0x08006320                PendSV_Handler
 .text.SysTick_Handler
                0x08006324        0x4 ./Core/Src/stm32l4xx_it.o
                0x08006324                SysTick_Handler
 .text._read    0x08006328       0x1c ./Core/Src/syscalls.o
                0x08006328                _read
 .text._write   0x08006344       0x1c ./Core/Src/syscalls.o
                0x08006344                _write
 .text._close   0x08006360        0x8 ./Core/Src/syscalls.o
                0x08006360                _close
 .text._fstat   0x08006368        0xc ./Core/Src/syscalls.o
                0x08006368                _fstat
 .text._isatty  0x08006374        0x4 ./Core/Src/syscalls.o
                0x08006374                _isatty
 .text._lseek   0x08006378        0x4 ./Core/Src/syscalls.o
                0x08006378                _lseek
 .text._sbrk    0x0800637c       0x44 ./Core/Src/sysmem.o
                0x0800637c                _sbrk
 .text.SystemInit
                0x080063c0       0x14 ./Core/Src/system_stm32l4xx.o
                0x080063c0                SystemInit
 .text.shake128_inc_init
                0x080063d4       0x18 ./Core/Src/ncc/fips202.o
                0x080063d4                shake128_inc_init
 .text.shake128_inc_absorb
                0x080063ec       0x78 ./Core/Src/ncc/fips202.o
                0x080063ec                shake128_inc_absorb
 .text.shake128_inc_finalize
                0x08006464       0x58 ./Core/Src/ncc/fips202.o
                0x08006464                shake128_inc_finalize
 .text.shake128_inc_squeeze
                0x080064bc       0x88 ./Core/Src/ncc/fips202.o
                0x080064bc                shake128_inc_squeeze
 .text.shake256_inc_init
                0x08006544       0x18 ./Core/Src/ncc/fips202.o
                0x08006544                shake256_inc_init
 .text.shake256_inc_absorb
                0x0800655c       0x78 ./Core/Src/ncc/fips202.o
                0x0800655c                shake256_inc_absorb
 .text.shake256_inc_finalize
                0x080065d4       0x58 ./Core/Src/ncc/fips202.o
                0x080065d4                shake256_inc_finalize
 .text.shake256_inc_squeeze
                0x0800662c       0x88 ./Core/Src/ncc/fips202.o
                0x0800662c                shake256_inc_squeeze
 .text.shake256_squeezeblocks
                0x080066b4       0x28 ./Core/Src/ncc/fips202.o
                0x080066b4                shake256_squeezeblocks
 .text.shake256
                0x080066dc      0x108 ./Core/Src/ncc/fips202.o
                0x080066dc                shake256
 .text.polyeta_pack
                0x080067e4       0x8c ./Core/Src/ncc/packing.o
                0x080067e4                polyeta_pack
 .text.polyeta_unpack
                0x08006870       0xa4 ./Core/Src/ncc/packing.o
                0x08006870                polyeta_unpack
 .text.polyt1_pack
                0x08006914       0x9c ./Core/Src/ncc/packing.o
                0x08006914                polyt1_pack
 .text.polyt1_unpack
                0x080069b0       0xbc ./Core/Src/ncc/packing.o
                0x080069b0                polyt1_unpack
 .text.polyt0_pack
                0x08006a6c       0xe0 ./Core/Src/ncc/packing.o
                0x08006a6c                polyt0_pack
 .text.polyt0_unpack
                0x08006b4c      0x100 ./Core/Src/ncc/packing.o
                0x08006b4c                polyt0_unpack
 .text.polyz_unpack
                0x08006c4c       0x50 ./Core/Src/ncc/packing.o
                0x08006c4c                polyz_unpack
 .text.polyw1_pack
                0x08006c9c       0x28 ./Core/Src/ncc/packing.o
                0x08006c9c                polyw1_pack
 .text.pack_pk  0x08006cc4       0x68 ./Core/Src/ncc/packing.o
                0x08006cc4                pack_pk
 .text.unpack_pk
                0x08006d2c       0x64 ./Core/Src/ncc/packing.o
                0x08006d2c                unpack_pk
 .text.pack_sk  0x08006d90      0x108 ./Core/Src/ncc/packing.o
                0x08006d90                pack_sk
 .text.unpack_sk
                0x08006e98      0x114 ./Core/Src/ncc/packing.o
                0x08006e98                unpack_sk
 .text.pack_sig
                0x08006fac       0xf4 ./Core/Src/ncc/packing.o
                0x08006fac                pack_sig
 .text.unpack_sig
                0x080070a0       0xcc ./Core/Src/ncc/packing.o
                0x080070a0                unpack_sig
 .text.ntt      0x0800716c       0x2c ./Core/Src/ncc/poly.o
                0x0800716c                ntt
 .text.invntt_tomont
                0x08007198       0x2c ./Core/Src/ncc/poly.o
                0x08007198                invntt_tomont
 .text.poly_base_mul
                0x080071c4        0x4 ./Core/Src/ncc/poly.o
                0x080071c4                poly_base_mul
 .text.poly_caddq
                0x080071c8       0x1c ./Core/Src/ncc/poly.o
                0x080071c8                poly_caddq
 .text.poly_add
                0x080071e4       0x28 ./Core/Src/ncc/poly.o
                0x080071e4                poly_add
 .text.poly_sub
                0x0800720c       0x2c ./Core/Src/ncc/poly.o
                0x0800720c                poly_sub
 .text.poly_shiftl
                0x08007238       0x18 ./Core/Src/ncc/poly.o
                0x08007238                poly_shiftl
 .text.poly_power2round
                0x08007250       0x28 ./Core/Src/ncc/poly.o
                0x08007250                poly_power2round
 .text.poly_decompose
                0x08007278       0x28 ./Core/Src/ncc/poly.o
                0x08007278                poly_decompose
 .text.poly_make_hint
                0x080072a0       0x30 ./Core/Src/ncc/poly.o
                0x080072a0                poly_make_hint
 .text.poly_use_hint
                0x080072d0       0x24 ./Core/Src/ncc/poly.o
                0x080072d0                poly_use_hint
 .text.poly_chknorm
                0x080072f4       0x34 ./Core/Src/ncc/poly.o
                0x080072f4                poly_chknorm
 .text.poly_uniform
                0x08007328      0x114 ./Core/Src/ncc/poly.o
                0x08007328                poly_uniform
 .text.poly_uniform_eta
                0x0800743c      0x128 ./Core/Src/ncc/poly.o
                0x0800743c                poly_uniform_eta
 .text.poly_uniform_gamma1
                0x08007564       0x2c ./Core/Src/ncc/poly.o
                0x08007564                poly_uniform_gamma1
 .text.poly_challenge
                0x08007590       0xcc ./Core/Src/ncc/poly.o
                0x08007590                poly_challenge
 .text.poly_reduce
                0x0800765c       0x1c ./Core/Src/ncc/poly.o
                0x0800765c                poly_reduce
 .text.surf     0x08007678      0x1cc ./Core/Src/ncc/randombytes.o
 .text.randombytes_regen
                0x08007844       0xb8 ./Core/Src/ncc/randombytes.o
                0x08007844                randombytes_regen
 .text.randombytes
                0x080078fc       0x34 ./Core/Src/ncc/randombytes.o
                0x080078fc                randombytes
 .text.caddq    0x08007930       0x10 ./Core/Src/ncc/reduce.o
                0x08007930                caddq
 .text.reduce32
                0x08007940       0x18 ./Core/Src/ncc/reduce.o
                0x08007940                reduce32
 .text.power2round
                0x08007958       0x30 ./Core/Src/ncc/rounding.o
                0x08007958                power2round
 .text.decompose
                0x08007988       0x80 ./Core/Src/ncc/rounding.o
                0x08007988                decompose
 .text.make_hint
                0x08007a08       0x2c ./Core/Src/ncc/rounding.o
                0x08007a08                make_hint
 .text.use_hint
                0x08007a34       0xb0 ./Core/Src/ncc/rounding.o
                0x08007a34                use_hint
 .text.crypto_sign_keypair
                0x08007ae4       0xf4 ./Core/Src/ncc/sign.o
                0x08007ae4                crypto_sign_keypair
 .text.crypto_sign_signature
                0x08007bd8      0x2f8 ./Core/Src/ncc/sign.o
                0x08007bd8                crypto_sign_signature
 .text.crypto_sign_verify
                0x08007ed0      0x1c8 ./Core/Src/ncc/sign.o
                0x08007ed0                crypto_sign_verify
 .text.NIMS_shake128_stream_init
                0x08008098       0x30 ./Core/Src/ncc/symmetric-shake.o
                0x08008098                NIMS_shake128_stream_init
 .text.NIMS_shake256_stream_init
                0x080080c8       0x30 ./Core/Src/ncc/symmetric-shake.o
                0x080080c8                NIMS_shake256_stream_init
 .text.Reset_Handler
                0x080080f8       0x50 ./Core/Startup/startup_stm32l4r5zitx.o
                0x080080f8                Reset_Handler
 .text.Default_Handler
                0x08008148        0x2 ./Core/Startup/startup_stm32l4r5zitx.o
                0x08008148                RTC_Alarm_IRQHandler
                0x08008148                EXTI2_IRQHandler
                0x08008148                TIM8_TRG_COM_IRQHandler
                0x08008148                TIM8_CC_IRQHandler
                0x08008148                TIM1_CC_IRQHandler
                0x08008148                TSC_IRQHandler
                0x08008148                TAMP_STAMP_IRQHandler
                0x08008148                EXTI3_IRQHandler
                0x08008148                LPTIM2_IRQHandler
                0x08008148                DFSDM1_FLT1_IRQHandler
                0x08008148                GFXMMU_IRQHandler
                0x08008148                I2C3_ER_IRQHandler
                0x08008148                DFSDM1_FLT2_IRQHandler
                0x08008148                EXTI0_IRQHandler
                0x08008148                I2C2_EV_IRQHandler
                0x08008148                CAN1_RX0_IRQHandler
                0x08008148                FPU_IRQHandler
                0x08008148                TIM1_UP_TIM16_IRQHandler
                0x08008148                LTDC_ER_IRQHandler
                0x08008148                SPI1_IRQHandler
                0x08008148                OCTOSPI1_IRQHandler
                0x08008148                TIM6_DAC_IRQHandler
                0x08008148                DCMI_IRQHandler
                0x08008148                TIM8_UP_IRQHandler
                0x08008148                OCTOSPI2_IRQHandler
                0x08008148                DMA2_Channel2_IRQHandler
                0x08008148                DMA1_Channel4_IRQHandler
                0x08008148                SAI2_IRQHandler
                0x08008148                ADC1_IRQHandler
                0x08008148                DFSDM1_FLT3_IRQHandler
                0x08008148                USART3_IRQHandler
                0x08008148                DMA1_Channel7_IRQHandler
                0x08008148                CAN1_RX1_IRQHandler
                0x08008148                UART5_IRQHandler
                0x08008148                TIM4_IRQHandler
                0x08008148                DMA2_Channel1_IRQHandler
                0x08008148                I2C1_EV_IRQHandler
                0x08008148                DMAMUX1_OVR_IRQHandler
                0x08008148                DMA1_Channel6_IRQHandler
                0x08008148                UART4_IRQHandler
                0x08008148                DMA2_Channel4_IRQHandler
                0x08008148                TIM3_IRQHandler
                0x08008148                RCC_IRQHandler
                0x08008148                DMA1_Channel1_IRQHandler
                0x08008148                Default_Handler
                0x08008148                DMA2_Channel7_IRQHandler
                0x08008148                EXTI15_10_IRQHandler
                0x08008148                TIM7_IRQHandler
                0x08008148                SDMMC1_IRQHandler
                0x08008148                TIM5_IRQHandler
                0x08008148                I2C3_EV_IRQHandler
                0x08008148                EXTI9_5_IRQHandler
                0x08008148                RTC_WKUP_IRQHandler
                0x08008148                LTDC_IRQHandler
                0x08008148                PVD_PVM_IRQHandler
                0x08008148                SPI2_IRQHandler
                0x08008148                CAN1_TX_IRQHandler
                0x08008148                DMA2_Channel5_IRQHandler
                0x08008148                CRS_IRQHandler
                0x08008148                DMA1_Channel5_IRQHandler
                0x08008148                EXTI4_IRQHandler
                0x08008148                RNG_IRQHandler
                0x08008148                TIM1_TRG_COM_TIM17_IRQHandler
                0x08008148                DMA1_Channel3_IRQHandler
                0x08008148                COMP_IRQHandler
                0x08008148                WWDG_IRQHandler
                0x08008148                I2C4_EV_IRQHandler
                0x08008148                LPUART1_IRQHandler
                0x08008148                DMA2_Channel6_IRQHandler
                0x08008148                TIM2_IRQHandler
                0x08008148                DMA2D_IRQHandler
                0x08008148                EXTI1_IRQHandler
                0x08008148                USART2_IRQHandler
                0x08008148                DFSDM1_FLT0_IRQHandler
                0x08008148                I2C2_ER_IRQHandler
                0x08008148                DMA1_Channel2_IRQHandler
                0x08008148                TIM8_BRK_IRQHandler
                0x08008148                CAN1_SCE_IRQHandler
                0x08008148                FLASH_IRQHandler
                0x08008148                USART1_IRQHandler
                0x08008148                OTG_FS_IRQHandler
                0x08008148                SPI3_IRQHandler
                0x08008148                I2C1_ER_IRQHandler
                0x08008148                FMC_IRQHandler
                0x08008148                LPTIM1_IRQHandler
                0x08008148                I2C4_ER_IRQHandler
                0x08008148                SAI1_IRQHandler
                0x08008148                DMA2_Channel3_IRQHandler
                0x08008148                TIM1_BRK_TIM15_IRQHandler
 *fill*         0x0800814a        0x2 
 .text.HAL_InitTick
                0x0800814c       0x4c ./Drivers/STM32L4xx_HAL_Driver/Src/stm32l4xx_hal.o
                0x0800814c                HAL_InitTick
 .text.HAL_Init
                0x08008198       0x20 ./Drivers/STM32L4xx_HAL_Driver/Src/stm32l4xx_hal.o
                0x08008198                HAL_Init
 .text.HAL_IncTick
                0x080081b8       0x18 ./Drivers/STM32L4xx_HAL_Driver/Src/stm32l4xx_hal.o
                0x080081b8                HAL_IncTick
 .text.HAL_GetTick
                0x080081d0        0xc ./Drivers/STM32L4xx_HAL_Driver/Src/stm32l4xx_hal.o
                0x080081d0                HAL_GetTick
 .text.HAL_Delay
                0x080081dc       0x24 ./Drivers/STM32L4xx_HAL_Driver/Src/stm32l4xx_hal.o
                0x080081dc                HAL_Delay
 .text.HAL_NVIC_SetPriorityGrouping
                0x08008200       0x24 ./Drivers/STM32L4xx_HAL_Driver/Src/stm32l4xx_hal_cortex.o
                0x08008200                HAL_NVIC_SetPriorityGrouping
 .text.HAL_NVIC_SetPriority
                0x08008224       0x78 ./Drivers/STM32L4xx_HAL_Driver/Src/stm32l4xx_hal_cortex.o
                0x08008224                HAL_NVIC_SetPriority
 .text.HAL_SYSTICK_Config
                0x0800829c       0x34 ./Drivers/STM32L4xx_HAL_Driver/Src/stm32l4xx_hal_cortex.o
                0x0800829c                HAL_SYSTICK_Config
 .text.HAL_GPIO_Init
                0x080082d0      0x248 ./Drivers/STM32L4xx_HAL_Driver/Src/stm32l4xx_hal_gpio.o
                0x080082d0                HAL_GPIO_Init
 .text.HAL_GPIO_WritePin
                0x08008518        0xc ./Drivers/STM32L4xx_HAL_Driver/Src/stm32l4xx_hal_gpio.o
                0x08008518                HAL_GPIO_WritePin
 .text.HAL_PCD_Init
                0x08008524      0x120 ./Drivers/STM32L4xx_HAL_Driver/Src/stm32l4xx_hal_pcd.o
                0x08008524                HAL_PCD_Init
 .text.HAL_PCDEx_ActivateLPM
                0x08008644       0x2c ./Drivers/STM32L4xx_HAL_Driver/Src/stm32l4xx_hal_pcd_ex.o
                0x08008644                HAL_PCDEx_ActivateLPM
 .text.HAL_PWREx_GetVoltageRange
                0x08008670       0x20 ./Drivers/STM32L4xx_HAL_Driver/Src/stm32l4xx_hal_pwr_ex.o
                0x08008670                HAL_PWREx_GetVoltageRange
 .text.HAL_PWREx_ControlVoltageScaling
                0x08008690       0xe4 ./Drivers/STM32L4xx_HAL_Driver/Src/stm32l4xx_hal_pwr_ex.o
                0x08008690                HAL_PWREx_ControlVoltageScaling
 .text.HAL_PWREx_EnableVddUSB
                0x08008774       0x10 ./Drivers/STM32L4xx_HAL_Driver/Src/stm32l4xx_hal_pwr_ex.o
                0x08008774                HAL_PWREx_EnableVddUSB
 .text.HAL_PWREx_EnableVddIO2
                0x08008784       0x10 ./Drivers/STM32L4xx_HAL_Driver/Src/stm32l4xx_hal_pwr_ex.o
                0x08008784                HAL_PWREx_EnableVddIO2
 .text.RCC_SetFlashLatencyFromMSIRange
                0x08008794       0x84 ./Drivers/STM32L4xx_HAL_Driver/Src/stm32l4xx_hal_rcc.o
 .text.HAL_RCC_GetSysClockFreq
                0x08008818       0xb4 ./Drivers/STM32L4xx_HAL_Driver/Src/stm32l4xx_hal_rcc.o
                0x08008818                HAL_RCC_GetSysClockFreq
 .text.HAL_RCC_OscConfig
                0x080088cc      0x618 ./Drivers/STM32L4xx_HAL_Driver/Src/stm32l4xx_hal_rcc.o
                0x080088cc                HAL_RCC_OscConfig
 .text.HAL_RCC_ClockConfig
                0x08008ee4      0x244 ./Drivers/STM32L4xx_HAL_Driver/Src/stm32l4xx_hal_rcc.o
                0x08008ee4                HAL_RCC_ClockConfig
 .text.HAL_RCC_GetPCLK1Freq
                0x08009128       0x24 ./Drivers/STM32L4xx_HAL_Driver/Src/stm32l4xx_hal_rcc.o
                0x08009128                HAL_RCC_GetPCLK1Freq
 .text.HAL_RCC_GetPCLK2Freq
                0x0800914c       0x24 ./Drivers/STM32L4xx_HAL_Driver/Src/stm32l4xx_hal_rcc.o
                0x0800914c                HAL_RCC_GetPCLK2Freq
 .text.RCCEx_PLLSAI1_Config
                0x08009170      0x10c ./Drivers/STM32L4xx_HAL_Driver/Src/stm32l4xx_hal_rcc_ex.o
 .text.RCCEx_PLLSAI2_Config.constprop.0
                0x0800927c       0xd0 ./Drivers/STM32L4xx_HAL_Driver/Src/stm32l4xx_hal_rcc_ex.o
 .text.HAL_RCCEx_PeriphCLKConfig
                0x0800934c      0x4a0 ./Drivers/STM32L4xx_HAL_Driver/Src/stm32l4xx_hal_rcc_ex.o
                0x0800934c                HAL_RCCEx_PeriphCLKConfig
 .text.HAL_UART_Transmit
                0x080097ec      0x26c ./Drivers/STM32L4xx_HAL_Driver/Src/stm32l4xx_hal_uart.o
                0x080097ec                HAL_UART_Transmit
 .text.UART_SetConfig
                0x08009a58      0x2c4 ./Drivers/STM32L4xx_HAL_Driver/Src/stm32l4xx_hal_uart.o
                0x08009a58                UART_SetConfig
 .text.UART_AdvFeatureConfig
                0x08009d1c       0xb0 ./Drivers/STM32L4xx_HAL_Driver/Src/stm32l4xx_hal_uart.o
                0x08009d1c                UART_AdvFeatureConfig
 .text.UART_CheckIdleState
                0x08009dcc      0x258 ./Drivers/STM32L4xx_HAL_Driver/Src/stm32l4xx_hal_uart.o
                0x08009dcc                UART_CheckIdleState
 .text.HAL_UART_Init
                0x0800a024       0x68 ./Drivers/STM32L4xx_HAL_Driver/Src/stm32l4xx_hal_uart.o
                0x0800a024                HAL_UART_Init
 .text.HAL_UARTEx_DisableFifoMode
                0x0800a08c       0x3c ./Drivers/STM32L4xx_HAL_Driver/Src/stm32l4xx_hal_uart_ex.o
                0x0800a08c                HAL_UARTEx_DisableFifoMode
 .text.HAL_UARTEx_SetTxFifoThreshold
                0x0800a0c8       0x84 ./Drivers/STM32L4xx_HAL_Driver/Src/stm32l4xx_hal_uart_ex.o
                0x0800a0c8                HAL_UARTEx_SetTxFifoThreshold
 .text.HAL_UARTEx_SetRxFifoThreshold
                0x0800a14c       0x84 ./Drivers/STM32L4xx_HAL_Driver/Src/stm32l4xx_hal_uart_ex.o
                0x0800a14c                HAL_UARTEx_SetRxFifoThreshold
 .text.USB_CoreInit
                0x0800a1d0       0x90 ./Drivers/STM32L4xx_HAL_Driver/Src/stm32l4xx_ll_usb.o
                0x0800a1d0                USB_CoreInit
 .text.USB_DisableGlobalInt
                0x0800a260       0x10 ./Drivers/STM32L4xx_HAL_Driver/Src/stm32l4xx_ll_usb.o
                0x0800a260                USB_DisableGlobalInt
 .text.USB_SetCurrentMode
                0x0800a270       0x70 ./Drivers/STM32L4xx_HAL_Driver/Src/stm32l4xx_ll_usb.o
                0x0800a270                USB_SetCurrentMode
 .text.USB_DevInit
                0x0800a2e0      0x200 ./Drivers/STM32L4xx_HAL_Driver/Src/stm32l4xx_ll_usb.o
                0x0800a2e0                USB_DevInit
 .text.USB_DevDisconnect
                0x0800a4e0       0x20 ./Drivers/STM32L4xx_HAL_Driver/Src/stm32l4xx_ll_usb.o
                0x0800a4e0                USB_DevDisconnect
 .text.sbrk_aligned
                0x0800a500       0x44 C:/ST/STM32CubeIDE_1.15.0/STM32CubeIDE/plugins/com.st.stm32cube.ide.mcu.externaltools.gnu-tools-for-stm32.12.3.rel1.win32_1.0.100.202403111256/tools/bin/../lib/gcc/arm-none-eabi/12.3.1/../../../../arm-none-eabi/lib/thumb/v7e-m+fp/hard\libc_nano.a(libc_a-mallocr.o)
 .text._malloc_r
                0x0800a544      0x100 C:/ST/STM32CubeIDE_1.15.0/STM32CubeIDE/plugins/com.st.stm32cube.ide.mcu.externaltools.gnu-tools-for-stm32.12.3.rel1.win32_1.0.100.202403111256/tools/bin/../lib/gcc/arm-none-eabi/12.3.1/../../../../arm-none-eabi/lib/thumb/v7e-m+fp/hard\libc_nano.a(libc_a-mallocr.o)
                0x0800a544                _malloc_r
 .text.__malloc_lock
                0x0800a644        0xc C:/ST/STM32CubeIDE_1.15.0/STM32CubeIDE/plugins/com.st.stm32cube.ide.mcu.externaltools.gnu-tools-for-stm32.12.3.rel1.win32_1.0.100.202403111256/tools/bin/../lib/gcc/arm-none-eabi/12.3.1/../../../../arm-none-eabi/lib/thumb/v7e-m+fp/hard\libc_nano.a(libc_a-mlock.o)
                0x0800a644                __malloc_lock
 .text.__malloc_unlock
                0x0800a650        0xc C:/ST/STM32CubeIDE_1.15.0/STM32CubeIDE/plugins/com.st.stm32cube.ide.mcu.externaltools.gnu-tools-for-stm32.12.3.rel1.win32_1.0.100.202403111256/tools/bin/../lib/gcc/arm-none-eabi/12.3.1/../../../../arm-none-eabi/lib/thumb/v7e-m+fp/hard\libc_nano.a(libc_a-mlock.o)
                0x0800a650                __malloc_unlock
 .text.std      0x0800a65c       0x6c C:/ST/STM32CubeIDE_1.15.0/STM32CubeIDE/plugins/com.st.stm32cube.ide.mcu.externaltools.gnu-tools-for-stm32.12.3.rel1.win32_1.0.100.202403111256/tools/bin/../lib/gcc/arm-none-eabi/12.3.1/../../../../arm-none-eabi/lib/thumb/v7e-m+fp/hard\libc_nano.a(libc_a-findfp.o)
 .text.stdio_exit_handler
                0x0800a6c8       0x18 C:/ST/STM32CubeIDE_1.15.0/STM32CubeIDE/plugins/com.st.stm32cube.ide.mcu.externaltools.gnu-tools-for-stm32.12.3.rel1.win32_1.0.100.202403111256/tools/bin/../lib/gcc/arm-none-eabi/12.3.1/../../../../arm-none-eabi/lib/thumb/v7e-m+fp/hard\libc_nano.a(libc_a-findfp.o)
 .text.cleanup_stdio
                0x0800a6e0       0x40 C:/ST/STM32CubeIDE_1.15.0/STM32CubeIDE/plugins/com.st.stm32cube.ide.mcu.externaltools.gnu-tools-for-stm32.12.3.rel1.win32_1.0.100.202403111256/tools/bin/../lib/gcc/arm-none-eabi/12.3.1/../../../../arm-none-eabi/lib/thumb/v7e-m+fp/hard\libc_nano.a(libc_a-findfp.o)
 .text.global_stdio_init.part.0
                0x0800a720       0x3c C:/ST/STM32CubeIDE_1.15.0/STM32CubeIDE/plugins/com.st.stm32cube.ide.mcu.externaltools.gnu-tools-for-stm32.12.3.rel1.win32_1.0.100.202403111256/tools/bin/../lib/gcc/arm-none-eabi/12.3.1/../../../../arm-none-eabi/lib/thumb/v7e-m+fp/hard\libc_nano.a(libc_a-findfp.o)
 .text.__sfp_lock_acquire
                0x0800a75c        0xc C:/ST/STM32CubeIDE_1.15.0/STM32CubeIDE/plugins/com.st.stm32cube.ide.mcu.externaltools.gnu-tools-for-stm32.12.3.rel1.win32_1.0.100.202403111256/tools/bin/../lib/gcc/arm-none-eabi/12.3.1/../../../../arm-none-eabi/lib/thumb/v7e-m+fp/hard\libc_nano.a(libc_a-findfp.o)
                0x0800a75c                __sfp_lock_acquire
 .text.__sfp_lock_release
                0x0800a768        0xc C:/ST/STM32CubeIDE_1.15.0/STM32CubeIDE/plugins/com.st.stm32cube.ide.mcu.externaltools.gnu-tools-for-stm32.12.3.rel1.win32_1.0.100.202403111256/tools/bin/../lib/gcc/arm-none-eabi/12.3.1/../../../../arm-none-eabi/lib/thumb/v7e-m+fp/hard\libc_nano.a(libc_a-findfp.o)
                0x0800a768                __sfp_lock_release
 .text.__sinit  0x0800a774       0x30 C:/ST/STM32CubeIDE_1.15.0/STM32CubeIDE/plugins/com.st.stm32cube.ide.mcu.externaltools.gnu-tools-for-stm32.12.3.rel1.win32_1.0.100.202403111256/tools/bin/../lib/gcc/arm-none-eabi/12.3.1/../../../../arm-none-eabi/lib/thumb/v7e-m+fp/hard\libc_nano.a(libc_a-findfp.o)
                0x0800a774                __sinit
 .text._fwalk_sglue
                0x0800a7a4       0x3c C:/ST/STM32CubeIDE_1.15.0/STM32CubeIDE/plugins/com.st.stm32cube.ide.mcu.externaltools.gnu-tools-for-stm32.12.3.rel1.win32_1.0.100.202403111256/tools/bin/../lib/gcc/arm-none-eabi/12.3.1/../../../../arm-none-eabi/lib/thumb/v7e-m+fp/hard\libc_nano.a(libc_a-fwalk.o)
                0x0800a7a4                _fwalk_sglue
 .text.printf   0x0800a7e0       0x24 C:/ST/STM32CubeIDE_1.15.0/STM32CubeIDE/plugins/com.st.stm32cube.ide.mcu.externaltools.gnu-tools-for-stm32.12.3.rel1.win32_1.0.100.202403111256/tools/bin/../lib/gcc/arm-none-eabi/12.3.1/../../../../arm-none-eabi/lib/thumb/v7e-m+fp/hard\libc_nano.a(libc_a-printf.o)
                0x0800a7e0                iprintf
                0x0800a7e0                printf
 .text._puts_r  0x0800a804       0xaa C:/ST/STM32CubeIDE_1.15.0/STM32CubeIDE/plugins/com.st.stm32cube.ide.mcu.externaltools.gnu-tools-for-stm32.12.3.rel1.win32_1.0.100.202403111256/tools/bin/../lib/gcc/arm-none-eabi/12.3.1/../../../../arm-none-eabi/lib/thumb/v7e-m+fp/hard\libc_nano.a(libc_a-puts.o)
                0x0800a804                _puts_r
 *fill*         0x0800a8ae        0x2 
 .text.puts     0x0800a8b0       0x10 C:/ST/STM32CubeIDE_1.15.0/STM32CubeIDE/plugins/com.st.stm32cube.ide.mcu.externaltools.gnu-tools-for-stm32.12.3.rel1.win32_1.0.100.202403111256/tools/bin/../lib/gcc/arm-none-eabi/12.3.1/../../../../arm-none-eabi/lib/thumb/v7e-m+fp/hard\libc_nano.a(libc_a-puts.o)
                0x0800a8b0                puts
 .text.__sread  0x0800a8c0       0x22 C:/ST/STM32CubeIDE_1.15.0/STM32CubeIDE/plugins/com.st.stm32cube.ide.mcu.externaltools.gnu-tools-for-stm32.12.3.rel1.win32_1.0.100.202403111256/tools/bin/../lib/gcc/arm-none-eabi/12.3.1/../../../../arm-none-eabi/lib/thumb/v7e-m+fp/hard\libc_nano.a(libc_a-stdio.o)
                0x0800a8c0                __sread
 .text.__swrite
                0x0800a8e2       0x38 C:/ST/STM32CubeIDE_1.15.0/STM32CubeIDE/plugins/com.st.stm32cube.ide.mcu.externaltools.gnu-tools-for-stm32.12.3.rel1.win32_1.0.100.202403111256/tools/bin/../lib/gcc/arm-none-eabi/12.3.1/../../../../arm-none-eabi/lib/thumb/v7e-m+fp/hard\libc_nano.a(libc_a-stdio.o)
                0x0800a8e2                __swrite
 .text.__sseek  0x0800a91a       0x24 C:/ST/STM32CubeIDE_1.15.0/STM32CubeIDE/plugins/com.st.stm32cube.ide.mcu.externaltools.gnu-tools-for-stm32.12.3.rel1.win32_1.0.100.202403111256/tools/bin/../lib/gcc/arm-none-eabi/12.3.1/../../../../arm-none-eabi/lib/thumb/v7e-m+fp/hard\libc_nano.a(libc_a-stdio.o)
                0x0800a91a                __sseek
 .text.__sclose
                0x0800a93e        0x8 C:/ST/STM32CubeIDE_1.15.0/STM32CubeIDE/plugins/com.st.stm32cube.ide.mcu.externaltools.gnu-tools-for-stm32.12.3.rel1.win32_1.0.100.202403111256/tools/bin/../lib/gcc/arm-none-eabi/12.3.1/../../../../arm-none-eabi/lib/thumb/v7e-m+fp/hard\libc_nano.a(libc_a-stdio.o)
                0x0800a93e                __sclose
 .text.__swbuf_r
                0x0800a946       0x7c C:/ST/STM32CubeIDE_1.15.0/STM32CubeIDE/plugins/com.st.stm32cube.ide.mcu.externaltools.gnu-tools-for-stm32.12.3.rel1.win32_1.0.100.202403111256/tools/bin/../lib/gcc/arm-none-eabi/12.3.1/../../../../arm-none-eabi/lib/thumb/v7e-m+fp/hard\libc_nano.a(libc_a-wbuf.o)
                0x0800a946                __swbuf_r
 *fill*         0x0800a9c2        0x2 
 .text.__swsetup_r
                0x0800a9c4       0xac C:/ST/STM32CubeIDE_1.15.0/STM32CubeIDE/plugins/com.st.stm32cube.ide.mcu.externaltools.gnu-tools-for-stm32.12.3.rel1.win32_1.0.100.202403111256/tools/bin/../lib/gcc/arm-none-eabi/12.3.1/../../../../arm-none-eabi/lib/thumb/v7e-m+fp/hard\libc_nano.a(libc_a-wsetup.o)
                0x0800a9c4                __swsetup_r
 .text.memset   0x0800aa70       0x10 C:/ST/STM32CubeIDE_1.15.0/STM32CubeIDE/plugins/com.st.stm32cube.ide.mcu.externaltools.gnu-tools-for-stm32.12.3.rel1.win32_1.0.100.202403111256/tools/bin/../lib/gcc/arm-none-eabi/12.3.1/../../../../arm-none-eabi/lib/thumb/v7e-m+fp/hard\libc_nano.a(libc_a-memset.o)
                0x0800aa70                memset
 .text._close_r
                0x0800aa80       0x20 C:/ST/STM32CubeIDE_1.15.0/STM32CubeIDE/plugins/com.st.stm32cube.ide.mcu.externaltools.gnu-tools-for-stm32.12.3.rel1.win32_1.0.100.202403111256/tools/bin/../lib/gcc/arm-none-eabi/12.3.1/../../../../arm-none-eabi/lib/thumb/v7e-m+fp/hard\libc_nano.a(libc_a-closer.o)
                0x0800aa80                _close_r
 .text._lseek_r
                0x0800aaa0       0x24 C:/ST/STM32CubeIDE_1.15.0/STM32CubeIDE/plugins/com.st.stm32cube.ide.mcu.externaltools.gnu-tools-for-stm32.12.3.rel1.win32_1.0.100.202403111256/tools/bin/../lib/gcc/arm-none-eabi/12.3.1/../../../../arm-none-eabi/lib/thumb/v7e-m+fp/hard\libc_nano.a(libc_a-lseekr.o)
                0x0800aaa0                _lseek_r
 .text._read_r  0x0800aac4       0x24 C:/ST/STM32CubeIDE_1.15.0/STM32CubeIDE/plugins/com.st.stm32cube.ide.mcu.externaltools.gnu-tools-for-stm32.12.3.rel1.win32_1.0.100.202403111256/tools/bin/../lib/gcc/arm-none-eabi/12.3.1/../../../../arm-none-eabi/lib/thumb/v7e-m+fp/hard\libc_nano.a(libc_a-readr.o)
                0x0800aac4                _read_r
 .text._sbrk_r  0x0800aae8       0x20 C:/ST/STM32CubeIDE_1.15.0/STM32CubeIDE/plugins/com.st.stm32cube.ide.mcu.externaltools.gnu-tools-for-stm32.12.3.rel1.win32_1.0.100.202403111256/tools/bin/../lib/gcc/arm-none-eabi/12.3.1/../../../../arm-none-eabi/lib/thumb/v7e-m+fp/hard\libc_nano.a(libc_a-sbrkr.o)
                0x0800aae8                _sbrk_r
 .text._write_r
                0x0800ab08       0x24 C:/ST/STM32CubeIDE_1.15.0/STM32CubeIDE/plugins/com.st.stm32cube.ide.mcu.externaltools.gnu-tools-for-stm32.12.3.rel1.win32_1.0.100.202403111256/tools/bin/../lib/gcc/arm-none-eabi/12.3.1/../../../../arm-none-eabi/lib/thumb/v7e-m+fp/hard\libc_nano.a(libc_a-writer.o)
                0x0800ab08                _write_r
 .text.__errno  0x0800ab2c        0xc C:/ST/STM32CubeIDE_1.15.0/STM32CubeIDE/plugins/com.st.stm32cube.ide.mcu.externaltools.gnu-tools-for-stm32.12.3.rel1.win32_1.0.100.202403111256/tools/bin/../lib/gcc/arm-none-eabi/12.3.1/../../../../arm-none-eabi/lib/thumb/v7e-m+fp/hard\libc_nano.a(libc_a-errno.o)
                0x0800ab2c                __errno
 .text.__libc_init_array
                0x0800ab38       0x48 C:/ST/STM32CubeIDE_1.15.0/STM32CubeIDE/plugins/com.st.stm32cube.ide.mcu.externaltools.gnu-tools-for-stm32.12.3.rel1.win32_1.0.100.202403111256/tools/bin/../lib/gcc/arm-none-eabi/12.3.1/../../../../arm-none-eabi/lib/thumb/v7e-m+fp/hard\libc_nano.a(libc_a-init.o)
                0x0800ab38                __libc_init_array
 .text.__retarget_lock_init_recursive
                0x0800ab80        0x2 C:/ST/STM32CubeIDE_1.15.0/STM32CubeIDE/plugins/com.st.stm32cube.ide.mcu.externaltools.gnu-tools-for-stm32.12.3.rel1.win32_1.0.100.202403111256/tools/bin/../lib/gcc/arm-none-eabi/12.3.1/../../../../arm-none-eabi/lib/thumb/v7e-m+fp/hard\libc_nano.a(libc_a-lock.o)
                0x0800ab80                __retarget_lock_init_recursive
 .text.__retarget_lock_acquire_recursive
                0x0800ab82        0x2 C:/ST/STM32CubeIDE_1.15.0/STM32CubeIDE/plugins/com.st.stm32cube.ide.mcu.externaltools.gnu-tools-for-stm32.12.3.rel1.win32_1.0.100.202403111256/tools/bin/../lib/gcc/arm-none-eabi/12.3.1/../../../../arm-none-eabi/lib/thumb/v7e-m+fp/hard\libc_nano.a(libc_a-lock.o)
                0x0800ab82                __retarget_lock_acquire_recursive
 .text.__retarget_lock_release_recursive
                0x0800ab84        0x2 C:/ST/STM32CubeIDE_1.15.0/STM32CubeIDE/plugins/com.st.stm32cube.ide.mcu.externaltools.gnu-tools-for-stm32.12.3.rel1.win32_1.0.100.202403111256/tools/bin/../lib/gcc/arm-none-eabi/12.3.1/../../../../arm-none-eabi/lib/thumb/v7e-m+fp/hard\libc_nano.a(libc_a-lock.o)
                0x0800ab84                __retarget_lock_release_recursive
 .text.memcpy   0x0800ab86       0x1c C:/ST/STM32CubeIDE_1.15.0/STM32CubeIDE/plugins/com.st.stm32cube.ide.mcu.externaltools.gnu-tools-for-stm32.12.3.rel1.win32_1.0.100.202403111256/tools/bin/../lib/gcc/arm-none-eabi/12.3.1/../../../../arm-none-eabi/lib/thumb/v7e-m+fp/hard\libc_nano.a(libc_a-memcpy-stub.o)
                0x0800ab86                memcpy
 *fill*         0x0800aba2        0x2 
 .text._free_r  0x0800aba4       0x94 C:/ST/STM32CubeIDE_1.15.0/STM32CubeIDE/plugins/com.st.stm32cube.ide.mcu.externaltools.gnu-tools-for-stm32.12.3.rel1.win32_1.0.100.202403111256/tools/bin/../lib/gcc/arm-none-eabi/12.3.1/../../../../arm-none-eabi/lib/thumb/v7e-m+fp/hard\libc_nano.a(libc_a-freer.o)
                0x0800aba4                _free_r
 .text.__sfputc_r
                0x0800ac38       0x2e C:/ST/STM32CubeIDE_1.15.0/STM32CubeIDE/plugins/com.st.stm32cube.ide.mcu.externaltools.gnu-tools-for-stm32.12.3.rel1.win32_1.0.100.202403111256/tools/bin/../lib/gcc/arm-none-eabi/12.3.1/../../../../arm-none-eabi/lib/thumb/v7e-m+fp/hard\libc_nano.a(libc_a-nano-vfprintf.o)
 .text.__sfputs_r
                0x0800ac66       0x24 C:/ST/STM32CubeIDE_1.15.0/STM32CubeIDE/plugins/com.st.stm32cube.ide.mcu.externaltools.gnu-tools-for-stm32.12.3.rel1.win32_1.0.100.202403111256/tools/bin/../lib/gcc/arm-none-eabi/12.3.1/../../../../arm-none-eabi/lib/thumb/v7e-m+fp/hard\libc_nano.a(libc_a-nano-vfprintf.o)
                0x0800ac66                __sfputs_r
 *fill*         0x0800ac8a        0x2 
 .text._vfprintf_r
                0x0800ac8c      0x230 C:/ST/STM32CubeIDE_1.15.0/STM32CubeIDE/plugins/com.st.stm32cube.ide.mcu.externaltools.gnu-tools-for-stm32.12.3.rel1.win32_1.0.100.202403111256/tools/bin/../lib/gcc/arm-none-eabi/12.3.1/../../../../arm-none-eabi/lib/thumb/v7e-m+fp/hard\libc_nano.a(libc_a-nano-vfprintf.o)
                0x0800ac8c                _vfprintf_r
                0x0800ac8c                _vfiprintf_r
 .text._printf_common
                0x0800aebc       0xda C:/ST/STM32CubeIDE_1.15.0/STM32CubeIDE/plugins/com.st.stm32cube.ide.mcu.externaltools.gnu-tools-for-stm32.12.3.rel1.win32_1.0.100.202403111256/tools/bin/../lib/gcc/arm-none-eabi/12.3.1/../../../../arm-none-eabi/lib/thumb/v7e-m+fp/hard\libc_nano.a(libc_a-nano-vfprintf_i.o)
                0x0800aebc                _printf_common
 *fill*         0x0800af96        0x2 
 .text._printf_i
                0x0800af98      0x240 C:/ST/STM32CubeIDE_1.15.0/STM32CubeIDE/plugins/com.st.stm32cube.ide.mcu.externaltools.gnu-tools-for-stm32.12.3.rel1.win32_1.0.100.202403111256/tools/bin/../lib/gcc/arm-none-eabi/12.3.1/../../../../arm-none-eabi/lib/thumb/v7e-m+fp/hard\libc_nano.a(libc_a-nano-vfprintf_i.o)
                0x0800af98                _printf_i
 .text.__sflush_r
                0x0800b1d8      0x108 C:/ST/STM32CubeIDE_1.15.0/STM32CubeIDE/plugins/com.st.stm32cube.ide.mcu.externaltools.gnu-tools-for-stm32.12.3.rel1.win32_1.0.100.202403111256/tools/bin/../lib/gcc/arm-none-eabi/12.3.1/../../../../arm-none-eabi/lib/thumb/v7e-m+fp/hard\libc_nano.a(libc_a-fflush.o)
                0x0800b1d8                __sflush_r
 .text._fflush_r
                0x0800b2e0       0x50 C:/ST/STM32CubeIDE_1.15.0/STM32CubeIDE/plugins/com.st.stm32cube.ide.mcu.externaltools.gnu-tools-for-stm32.12.3.rel1.win32_1.0.100.202403111256/tools/bin/../lib/gcc/arm-none-eabi/12.3.1/../../../../arm-none-eabi/lib/thumb/v7e-m+fp/hard\libc_nano.a(libc_a-fflush.o)
                0x0800b2e0                _fflush_r
 .text.__swhatbuf_r
                0x0800b330       0x4c C:/ST/STM32CubeIDE_1.15.0/STM32CubeIDE/plugins/com.st.stm32cube.ide.mcu.externaltools.gnu-tools-for-stm32.12.3.rel1.win32_1.0.100.202403111256/tools/bin/../lib/gcc/arm-none-eabi/12.3.1/../../../../arm-none-eabi/lib/thumb/v7e-m+fp/hard\libc_nano.a(libc_a-makebuf.o)
                0x0800b330                __swhatbuf_r
 .text.__smakebuf_r
                0x0800b37c       0x78 C:/ST/STM32CubeIDE_1.15.0/STM32CubeIDE/plugins/com.st.stm32cube.ide.mcu.externaltools.gnu-tools-for-stm32.12.3.rel1.win32_1.0.100.202403111256/tools/bin/../lib/gcc/arm-none-eabi/12.3.1/../../../../arm-none-eabi/lib/thumb/v7e-m+fp/hard\libc_nano.a(libc_a-makebuf.o)
                0x0800b37c                __smakebuf_r
 .text._fstat_r
                0x0800b3f4       0x24 C:/ST/STM32CubeIDE_1.15.0/STM32CubeIDE/plugins/com.st.stm32cube.ide.mcu.externaltools.gnu-tools-for-stm32.12.3.rel1.win32_1.0.100.202403111256/tools/bin/../lib/gcc/arm-none-eabi/12.3.1/../../../../arm-none-eabi/lib/thumb/v7e-m+fp/hard\libc_nano.a(libc_a-fstatr.o)
                0x0800b3f4                _fstat_r
 .text._isatty_r
                0x0800b418       0x20 C:/ST/STM32CubeIDE_1.15.0/STM32CubeIDE/plugins/com.st.stm32cube.ide.mcu.externaltools.gnu-tools-for-stm32.12.3.rel1.win32_1.0.100.202403111256/tools/bin/../lib/gcc/arm-none-eabi/12.3.1/../../../../arm-none-eabi/lib/thumb/v7e-m+fp/hard\libc_nano.a(libc_a-isattyr.o)
                0x0800b418                _isatty_r
 *(.glue_7)
 .glue_7        0x0800b438        0x0 linker stubs
 *(.glue_7t)
 .glue_7t       0x0800b438        0x0 linker stubs
 *(.eh_frame)
 .eh_frame      0x0800b438        0x0 C:/ST/STM32CubeIDE_1.15.0/STM32CubeIDE/plugins/com.st.stm32cube.ide.mcu.externaltools.gnu-tools-for-stm32.12.3.rel1.win32_1.0.100.202403111256/tools/bin/../lib/gcc/arm-none-eabi/12.3.1/thumb/v7e-m+fp/hard/crtbegin.o
 *(.init)
 .init          0x0800b438        0x4 C:/ST/STM32CubeIDE_1.15.0/STM32CubeIDE/plugins/com.st.stm32cube.ide.mcu.externaltools.gnu-tools-for-stm32.12.3.rel1.win32_1.0.100.202403111256/tools/bin/../lib/gcc/arm-none-eabi/12.3.1/thumb/v7e-m+fp/hard/crti.o
                0x0800b438                _init
 .init          0x0800b43c        0x8 C:/ST/STM32CubeIDE_1.15.0/STM32CubeIDE/plugins/com.st.stm32cube.ide.mcu.externaltools.gnu-tools-for-stm32.12.3.rel1.win32_1.0.100.202403111256/tools/bin/../lib/gcc/arm-none-eabi/12.3.1/thumb/v7e-m+fp/hard/crtn.o
 *(.fini)
 .fini          0x0800b444        0x4 C:/ST/STM32CubeIDE_1.15.0/STM32CubeIDE/plugins/com.st.stm32cube.ide.mcu.externaltools.gnu-tools-for-stm32.12.3.rel1.win32_1.0.100.202403111256/tools/bin/../lib/gcc/arm-none-eabi/12.3.1/thumb/v7e-m+fp/hard/crti.o
                0x0800b444                _fini
 .fini          0x0800b448        0x8 C:/ST/STM32CubeIDE_1.15.0/STM32CubeIDE/plugins/com.st.stm32cube.ide.mcu.externaltools.gnu-tools-for-stm32.12.3.rel1.win32_1.0.100.202403111256/tools/bin/../lib/gcc/arm-none-eabi/12.3.1/thumb/v7e-m+fp/hard/crtn.o
                0x0800b450                        . = ALIGN (0x4)
                0x0800b450                        _etext = .

.vfp11_veneer   0x0800b450        0x0
 .vfp11_veneer  0x0800b450        0x0 linker stubs

.v4_bx          0x0800b450        0x0
 .v4_bx         0x0800b450        0x0 linker stubs

.iplt           0x0800b450        0x0
 .iplt          0x0800b450        0x0 C:/ST/STM32CubeIDE_1.15.0/STM32CubeIDE/plugins/com.st.stm32cube.ide.mcu.externaltools.gnu-tools-for-stm32.12.3.rel1.win32_1.0.100.202403111256/tools/bin/../lib/gcc/arm-none-eabi/12.3.1/thumb/v7e-m+fp/hard/crtbegin.o

.rodata         0x0800b450      0x18c
                0x0800b450                        . = ALIGN (0x4)
 *(.rodata)
 *(.rodata*)
 .rodata.main.str1.4
                0x0800b450       0x59 ./Core/Src/main.o
 *fill*         0x0800b4a9        0x3 
 .rodata.MSIRangeTable
                0x0800b4ac       0x30 ./Core/Src/system_stm32l4xx.o
                0x0800b4ac                MSIRangeTable
 .rodata.APBPrescTable
                0x0800b4dc        0x8 ./Core/Src/system_stm32l4xx.o
                0x0800b4dc                APBPrescTable
 .rodata.AHBPrescTable
                0x0800b4e4       0x10 ./Core/Src/system_stm32l4xx.o
                0x0800b4e4                AHBPrescTable
 *fill*         0x0800b4f4        0x4 
 .rodata.seed   0x0800b4f8       0x80 ./Core/Src/ncc/randombytes.o
 .rodata.crypto_sign_signature.str1.4
                0x0800b578        0x5 ./Core/Src/ncc/sign.o
 *fill*         0x0800b57d        0x3 
 .rodata.UARTPrescTable
                0x0800b580       0x18 ./Drivers/STM32L4xx_HAL_Driver/Src/stm32l4xx_hal_uart.o
                0x0800b580                UARTPrescTable
 .rodata.denominator.0
                0x0800b598        0x8 ./Drivers/STM32L4xx_HAL_Driver/Src/stm32l4xx_hal_uart_ex.o
 .rodata.numerator.1
                0x0800b5a0        0x8 ./Drivers/STM32L4xx_HAL_Driver/Src/stm32l4xx_hal_uart_ex.o
 .rodata._vfprintf_r.str1.1
                0x0800b5a8       0x11 C:/ST/STM32CubeIDE_1.15.0/STM32CubeIDE/plugins/com.st.stm32cube.ide.mcu.externaltools.gnu-tools-for-stm32.12.3.rel1.win32_1.0.100.202403111256/tools/bin/../lib/gcc/arm-none-eabi/12.3.1/../../../../arm-none-eabi/lib/thumb/v7e-m+fp/hard\libc_nano.a(libc_a-nano-vfprintf.o)
 .rodata._printf_i.str1.1
                0x0800b5b9       0x22 C:/ST/STM32CubeIDE_1.15.0/STM32CubeIDE/plugins/com.st.stm32cube.ide.mcu.externaltools.gnu-tools-for-stm32.12.3.rel1.win32_1.0.100.202403111256/tools/bin/../lib/gcc/arm-none-eabi/12.3.1/../../../../arm-none-eabi/lib/thumb/v7e-m+fp/hard\libc_nano.a(libc_a-nano-vfprintf_i.o)
                0x0800b5dc                        . = ALIGN (0x4)
 *fill*         0x0800b5db        0x1 

.ARM.extab      0x0800b5dc        0x0
                0x0800b5dc                        . = ALIGN (0x4)
 *(.ARM.extab* .gnu.linkonce.armextab.*)
                0x0800b5dc                        . = ALIGN (0x4)

.ARM            0x0800b5dc        0x8
                0x0800b5dc                        . = ALIGN (0x4)
                0x0800b5dc                        __exidx_start = .
 *(.ARM.exidx*)
 .ARM.exidx     0x0800b5dc        0x8 C:/ST/STM32CubeIDE_1.15.0/STM32CubeIDE/plugins/com.st.stm32cube.ide.mcu.externaltools.gnu-tools-for-stm32.12.3.rel1.win32_1.0.100.202403111256/tools/bin/../lib/gcc/arm-none-eabi/12.3.1/../../../../arm-none-eabi/lib/thumb/v7e-m+fp/hard\libc_nano.a(libc_a-memchr.o)
 .ARM.exidx     0x0800b5e4        0x0 C:/ST/STM32CubeIDE_1.15.0/STM32CubeIDE/plugins/com.st.stm32cube.ide.mcu.externaltools.gnu-tools-for-stm32.12.3.rel1.win32_1.0.100.202403111256/tools/bin/../lib/gcc/arm-none-eabi/12.3.1/thumb/v7e-m+fp/hard\libgcc.a(_udivmoddi4.o)
                                  0x8 (size before relaxing)
                0x0800b5e4                        __exidx_end = .
                0x0800b5e4                        . = ALIGN (0x4)

.preinit_array  0x0800b5e4        0x0
                0x0800b5e4                        . = ALIGN (0x4)
                0x0800b5e4                        PROVIDE (__preinit_array_start = .)
 *(.preinit_array*)
                0x0800b5e4                        PROVIDE (__preinit_array_end = .)
                0x0800b5e4                        . = ALIGN (0x4)

.init_array     0x0800b5e4        0x4
                0x0800b5e4                        . = ALIGN (0x4)
                0x0800b5e4                        PROVIDE (__init_array_start = .)
 *(SORT_BY_NAME(.init_array.*))
 *(.init_array*)
 .init_array    0x0800b5e4        0x4 C:/ST/STM32CubeIDE_1.15.0/STM32CubeIDE/plugins/com.st.stm32cube.ide.mcu.externaltools.gnu-tools-for-stm32.12.3.rel1.win32_1.0.100.202403111256/tools/bin/../lib/gcc/arm-none-eabi/12.3.1/thumb/v7e-m+fp/hard/crtbegin.o
                0x0800b5e8                        PROVIDE (__init_array_end = .)
                0x0800b5e8                        . = ALIGN (0x4)

.fini_array     0x0800b5e8        0x4
                0x0800b5e8                        . = ALIGN (0x4)
                [!provide]                        PROVIDE (__fini_array_start = .)
 *(SORT_BY_NAME(.fini_array.*))
 *(.fini_array*)
 .fini_array    0x0800b5e8        0x4 C:/ST/STM32CubeIDE_1.15.0/STM32CubeIDE/plugins/com.st.stm32cube.ide.mcu.externaltools.gnu-tools-for-stm32.12.3.rel1.win32_1.0.100.202403111256/tools/bin/../lib/gcc/arm-none-eabi/12.3.1/thumb/v7e-m+fp/hard/crtbegin.o
                [!provide]                        PROVIDE (__fini_array_end = .)
                0x0800b5ec                        . = ALIGN (0x4)
                0x0800b5ec                        _sidata = LOADADDR (.data)

.rel.dyn        0x0800b5ec        0x0
 .rel.iplt      0x0800b5ec        0x0 C:/ST/STM32CubeIDE_1.15.0/STM32CubeIDE/plugins/com.st.stm32cube.ide.mcu.externaltools.gnu-tools-for-stm32.12.3.rel1.win32_1.0.100.202403111256/tools/bin/../lib/gcc/arm-none-eabi/12.3.1/thumb/v7e-m+fp/hard/crtbegin.o

.data           0x20000000     0x4860 load address 0x0800b5ec
                0x20000000                        . = ALIGN (0x4)
                0x20000000                        _sdata = .
 *(.data)
 *(.data*)
 .data.SystemCoreClock
                0x20000000        0x4 ./Core/Src/system_stm32l4xx.o
                0x20000000                SystemCoreClock
 .data.merging_zetas_inv_radix3
                0x20000004     0x2000 ./Core/Src/ncc/poly.o
                0x20000004                merging_zetas_inv_radix3
 .data.merging_zetas_inv
                0x20002004      0x3fc ./Core/Src/ncc/poly.o
                0x20002004                merging_zetas_inv
 .data.merging_zetas_radix3
                0x20002400     0x2000 ./Core/Src/ncc/poly.o
                0x20002400                merging_zetas_radix3
 .data.merging_zetas
                0x20004400      0x3fc ./Core/Src/ncc/poly.o
                0x20004400                merging_zetas
 .data.uwTickFreq
                0x200047fc        0x1 ./Drivers/STM32L4xx_HAL_Driver/Src/stm32l4xx_hal.o
                0x200047fc                uwTickFreq
 *fill*         0x200047fd        0x3 
 .data.uwTickPrio
                0x20004800        0x4 ./Drivers/STM32L4xx_HAL_Driver/Src/stm32l4xx_hal.o
                0x20004800                uwTickPrio
 .data.__sglue  0x20004804        0xc C:/ST/STM32CubeIDE_1.15.0/STM32CubeIDE/plugins/com.st.stm32cube.ide.mcu.externaltools.gnu-tools-for-stm32.12.3.rel1.win32_1.0.100.202403111256/tools/bin/../lib/gcc/arm-none-eabi/12.3.1/../../../../arm-none-eabi/lib/thumb/v7e-m+fp/hard\libc_nano.a(libc_a-findfp.o)
                0x20004804                __sglue
 .data._impure_ptr
                0x20004810        0x4 C:/ST/STM32CubeIDE_1.15.0/STM32CubeIDE/plugins/com.st.stm32cube.ide.mcu.externaltools.gnu-tools-for-stm32.12.3.rel1.win32_1.0.100.202403111256/tools/bin/../lib/gcc/arm-none-eabi/12.3.1/../../../../arm-none-eabi/lib/thumb/v7e-m+fp/hard\libc_nano.a(libc_a-impure.o)
                0x20004810                _impure_ptr
 .data._impure_data
                0x20004814       0x4c C:/ST/STM32CubeIDE_1.15.0/STM32CubeIDE/plugins/com.st.stm32cube.ide.mcu.externaltools.gnu-tools-for-stm32.12.3.rel1.win32_1.0.100.202403111256/tools/bin/../lib/gcc/arm-none-eabi/12.3.1/../../../../arm-none-eabi/lib/thumb/v7e-m+fp/hard\libc_nano.a(libc_a-impure.o)
                0x20004814                _impure_data
 *(.RamFunc)
 *(.RamFunc*)
                0x20004860                        . = ALIGN (0x4)
                0x20004860                        _edata = .

.igot.plt       0x20004860        0x0 load address 0x0800fe4c
 .igot.plt      0x20004860        0x0 C:/ST/STM32CubeIDE_1.15.0/STM32CubeIDE/plugins/com.st.stm32cube.ide.mcu.externaltools.gnu-tools-for-stm32.12.3.rel1.win32_1.0.100.202403111256/tools/bin/../lib/gcc/arm-none-eabi/12.3.1/thumb/v7e-m+fp/hard/crtbegin.o
                0x20004860                        . = ALIGN (0x4)

.bss            0x20004860      0x828 load address 0x0800fe4c
                0x20004860                        _sbss = .
                0x20004860                        __bss_start__ = _sbss
 *(.bss)
 .bss           0x20004860       0x1c C:/ST/STM32CubeIDE_1.15.0/STM32CubeIDE/plugins/com.st.stm32cube.ide.mcu.externaltools.gnu-tools-for-stm32.12.3.rel1.win32_1.0.100.202403111256/tools/bin/../lib/gcc/arm-none-eabi/12.3.1/thumb/v7e-m+fp/hard/crtbegin.o
 *(.bss*)
 *fill*         0x2000487c        0x4 
 .bss.hpcd_USB_OTG_FS
                0x20004880      0x50c ./Core/Src/main.o
                0x20004880                hpcd_USB_OTG_FS
 *fill*         0x20004d8c        0x4 
 .bss.huart3    0x20004d90       0x94 ./Core/Src/main.o
                0x20004d90                huart3
 *fill*         0x20004e24        0x4 
 .bss.hlpuart1  0x20004e28       0x94 ./Core/Src/main.o
                0x20004e28                hlpuart1
 .bss.__sbrk_heap_end
                0x20004ebc        0x4 ./Core/Src/sysmem.o
 .bss.outleft   0x20004ec0        0x4 ./Core/Src/ncc/randombytes.o
 .bss.out_buf   0x20004ec4       0x40 ./Core/Src/ncc/randombytes.o
 *fill*         0x20004f04        0x4 
 .bss.in        0x20004f08       0x30 ./Core/Src/ncc/randombytes.o
 .bss.uwTick    0x20004f38        0x4 ./Drivers/STM32L4xx_HAL_Driver/Src/stm32l4xx_hal.o
                0x20004f38                uwTick
 .bss.__malloc_sbrk_start
                0x20004f3c        0x4 C:/ST/STM32CubeIDE_1.15.0/STM32CubeIDE/plugins/com.st.stm32cube.ide.mcu.externaltools.gnu-tools-for-stm32.12.3.rel1.win32_1.0.100.202403111256/tools/bin/../lib/gcc/arm-none-eabi/12.3.1/../../../../arm-none-eabi/lib/thumb/v7e-m+fp/hard\libc_nano.a(libc_a-mallocr.o)
                0x20004f3c                __malloc_sbrk_start
 .bss.__malloc_free_list
                0x20004f40        0x4 C:/ST/STM32CubeIDE_1.15.0/STM32CubeIDE/plugins/com.st.stm32cube.ide.mcu.externaltools.gnu-tools-for-stm32.12.3.rel1.win32_1.0.100.202403111256/tools/bin/../lib/gcc/arm-none-eabi/12.3.1/../../../../arm-none-eabi/lib/thumb/v7e-m+fp/hard\libc_nano.a(libc_a-mallocr.o)
                0x20004f40                __malloc_free_list
 .bss.__sf      0x20004f44      0x138 C:/ST/STM32CubeIDE_1.15.0/STM32CubeIDE/plugins/com.st.stm32cube.ide.mcu.externaltools.gnu-tools-for-stm32.12.3.rel1.win32_1.0.100.202403111256/tools/bin/../lib/gcc/arm-none-eabi/12.3.1/../../../../arm-none-eabi/lib/thumb/v7e-m+fp/hard\libc_nano.a(libc_a-findfp.o)
                0x20004f44                __sf
 .bss.__stdio_exit_handler
                0x2000507c        0x4 C:/ST/STM32CubeIDE_1.15.0/STM32CubeIDE/plugins/com.st.stm32cube.ide.mcu.externaltools.gnu-tools-for-stm32.12.3.rel1.win32_1.0.100.202403111256/tools/bin/../lib/gcc/arm-none-eabi/12.3.1/../../../../arm-none-eabi/lib/thumb/v7e-m+fp/hard\libc_nano.a(libc_a-findfp.o)
                0x2000507c                __stdio_exit_handler
 .bss.errno     0x20005080        0x4 C:/ST/STM32CubeIDE_1.15.0/STM32CubeIDE/plugins/com.st.stm32cube.ide.mcu.externaltools.gnu-tools-for-stm32.12.3.rel1.win32_1.0.100.202403111256/tools/bin/../lib/gcc/arm-none-eabi/12.3.1/../../../../arm-none-eabi/lib/thumb/v7e-m+fp/hard\libc_nano.a(libc_a-reent.o)
                0x20005080                errno
 .bss.__lock___malloc_recursive_mutex
                0x20005084        0x1 C:/ST/STM32CubeIDE_1.15.0/STM32CubeIDE/plugins/com.st.stm32cube.ide.mcu.externaltools.gnu-tools-for-stm32.12.3.rel1.win32_1.0.100.202403111256/tools/bin/../lib/gcc/arm-none-eabi/12.3.1/../../../../arm-none-eabi/lib/thumb/v7e-m+fp/hard\libc_nano.a(libc_a-lock.o)
                0x20005084                __lock___malloc_recursive_mutex
 .bss.__lock___sfp_recursive_mutex
                0x20005085        0x1 C:/ST/STM32CubeIDE_1.15.0/STM32CubeIDE/plugins/com.st.stm32cube.ide.mcu.externaltools.gnu-tools-for-stm32.12.3.rel1.win32_1.0.100.202403111256/tools/bin/../lib/gcc/arm-none-eabi/12.3.1/../../../../arm-none-eabi/lib/thumb/v7e-m+fp/hard\libc_nano.a(libc_a-lock.o)
                0x20005085                __lock___sfp_recursive_mutex
 *(COMMON)
                0x20005088                        . = ALIGN (0x4)
 *fill*         0x20005086        0x2 
                0x20005088                        _ebss = .
                0x20005088                        __bss_end__ = _ebss

._user_heap_stack
                0x20005088      0x600 load address 0x0800fe4c
                0x20005088                        . = ALIGN (0x8)
                [!provide]                        PROVIDE (end = .)
                0x20005088                        PROVIDE (_end = .)
                0x20005288                        . = (. + _Min_Heap_Size)
 *fill*         0x20005088      0x200 
                0x20005688                        . = (. + _Min_Stack_Size)
 *fill*         0x20005288      0x400 
                0x20005688                        . = ALIGN (0x8)

/DISCARD/
 libc.a(*)
 libm.a(*)
 libgcc.a(*)

.ARM.attributes
                0x00000000       0x30
 *(.ARM.attributes)
 .ARM.attributes
                0x00000000       0x22 C:/ST/STM32CubeIDE_1.15.0/STM32CubeIDE/plugins/com.st.stm32cube.ide.mcu.externaltools.gnu-tools-for-stm32.12.3.rel1.win32_1.0.100.202403111256/tools/bin/../lib/gcc/arm-none-eabi/12.3.1/thumb/v7e-m+fp/hard/crti.o
 .ARM.attributes
                0x00000022       0x34 C:/ST/STM32CubeIDE_1.15.0/STM32CubeIDE/plugins/com.st.stm32cube.ide.mcu.externaltools.gnu-tools-for-stm32.12.3.rel1.win32_1.0.100.202403111256/tools/bin/../lib/gcc/arm-none-eabi/12.3.1/thumb/v7e-m+fp/hard/crtbegin.o
 .ARM.attributes
                0x00000056       0x34 ./Core/Src/main.o
 .ARM.attributes
                0x0000008a       0x34 ./Core/Src/stm32l4xx_hal_msp.o
 .ARM.attributes
                0x000000be       0x34 ./Core/Src/stm32l4xx_it.o
 .ARM.attributes
                0x000000f2       0x34 ./Core/Src/syscalls.o
 .ARM.attributes
                0x00000126       0x34 ./Core/Src/sysmem.o
 .ARM.attributes
                0x0000015a       0x34 ./Core/Src/system_stm32l4xx.o
 .ARM.attributes
                0x0000018e       0x34 ./Core/Src/ncc/fips202.o
 .ARM.attributes
                0x000001c2       0x20 ./Core/Src/ncc/intt.o
 .ARM.attributes
                0x000001e2       0x20 ./Core/Src/ncc/keccakf1600.o
 .ARM.attributes
                0x00000202       0x20 ./Core/Src/ncc/mont.o
 .ARM.attributes
                0x00000222       0x20 ./Core/Src/ncc/ntt.o
 .ARM.attributes
                0x00000242       0x34 ./Core/Src/ncc/packing.o
 .ARM.attributes
                0x00000276       0x34 ./Core/Src/ncc/poly.o
 .ARM.attributes
                0x000002aa       0x34 ./Core/Src/ncc/randombytes.o
 .ARM.attributes
                0x000002de       0x34 ./Core/Src/ncc/reduce.o
 .ARM.attributes
                0x00000312       0x34 ./Core/Src/ncc/rounding.o
 .ARM.attributes
                0x00000346       0x34 ./Core/Src/ncc/sign.o
 .ARM.attributes
                0x0000037a       0x34 ./Core/Src/ncc/symmetric-shake.o
 .ARM.attributes
                0x000003ae       0x21 ./Core/Startup/startup_stm32l4r5zitx.o
 .ARM.attributes
                0x000003cf       0x34 ./Drivers/STM32L4xx_HAL_Driver/Src/stm32l4xx_hal.o
 .ARM.attributes
                0x00000403       0x34 ./Drivers/STM32L4xx_HAL_Driver/Src/stm32l4xx_hal_cortex.o
 .ARM.attributes
                0x00000437       0x34 ./Drivers/STM32L4xx_HAL_Driver/Src/stm32l4xx_hal_gpio.o
 .ARM.attributes
                0x0000046b       0x34 ./Drivers/STM32L4xx_HAL_Driver/Src/stm32l4xx_hal_pcd.o
 .ARM.attributes
                0x0000049f       0x34 ./Drivers/STM32L4xx_HAL_Driver/Src/stm32l4xx_hal_pcd_ex.o
 .ARM.attributes
                0x000004d3       0x34 ./Drivers/STM32L4xx_HAL_Driver/Src/stm32l4xx_hal_pwr_ex.o
 .ARM.attributes
                0x00000507       0x34 ./Drivers/STM32L4xx_HAL_Driver/Src/stm32l4xx_hal_rcc.o
 .ARM.attributes
                0x0000053b       0x34 ./Drivers/STM32L4xx_HAL_Driver/Src/stm32l4xx_hal_rcc_ex.o
 .ARM.attributes
                0x0000056f       0x34 ./Drivers/STM32L4xx_HAL_Driver/Src/stm32l4xx_hal_uart.o
 .ARM.attributes
                0x000005a3       0x34 ./Drivers/STM32L4xx_HAL_Driver/Src/stm32l4xx_hal_uart_ex.o
 .ARM.attributes
                0x000005d7       0x34 ./Drivers/STM32L4xx_HAL_Driver/Src/stm32l4xx_ll_usb.o
 .ARM.attributes
                0x0000060b       0x34 C:/ST/STM32CubeIDE_1.15.0/STM32CubeIDE/plugins/com.st.stm32cube.ide.mcu.externaltools.gnu-tools-for-stm32.12.3.rel1.win32_1.0.100.202403111256/tools/bin/../lib/gcc/arm-none-eabi/12.3.1/../../../../arm-none-eabi/lib/thumb/v7e-m+fp/hard\libc_nano.a(libc_a-mallocr.o)
 .ARM.attributes
                0x0000063f       0x34 C:/ST/STM32CubeIDE_1.15.0/STM32CubeIDE/plugins/com.st.stm32cube.ide.mcu.externaltools.gnu-tools-for-stm32.12.3.rel1.win32_1.0.100.202403111256/tools/bin/../lib/gcc/arm-none-eabi/12.3.1/../../../../arm-none-eabi/lib/thumb/v7e-m+fp/hard\libc_nano.a(libc_a-mlock.o)
 .ARM.attributes
                0x00000673       0x34 C:/ST/STM32CubeIDE_1.15.0/STM32CubeIDE/plugins/com.st.stm32cube.ide.mcu.externaltools.gnu-tools-for-stm32.12.3.rel1.win32_1.0.100.202403111256/tools/bin/../lib/gcc/arm-none-eabi/12.3.1/../../../../arm-none-eabi/lib/thumb/v7e-m+fp/hard\libc_nano.a(libc_a-findfp.o)
 .ARM.attributes
                0x000006a7       0x34 C:/ST/STM32CubeIDE_1.15.0/STM32CubeIDE/plugins/com.st.stm32cube.ide.mcu.externaltools.gnu-tools-for-stm32.12.3.rel1.win32_1.0.100.202403111256/tools/bin/../lib/gcc/arm-none-eabi/12.3.1/../../../../arm-none-eabi/lib/thumb/v7e-m+fp/hard\libc_nano.a(libc_a-fwalk.o)
 .ARM.attributes
                0x000006db       0x34 C:/ST/STM32CubeIDE_1.15.0/STM32CubeIDE/plugins/com.st.stm32cube.ide.mcu.externaltools.gnu-tools-for-stm32.12.3.rel1.win32_1.0.100.202403111256/tools/bin/../lib/gcc/arm-none-eabi/12.3.1/../../../../arm-none-eabi/lib/thumb/v7e-m+fp/hard\libc_nano.a(libc_a-printf.o)
 .ARM.attributes
                0x0000070f       0x34 C:/ST/STM32CubeIDE_1.15.0/STM32CubeIDE/plugins/com.st.stm32cube.ide.mcu.externaltools.gnu-tools-for-stm32.12.3.rel1.win32_1.0.100.202403111256/tools/bin/../lib/gcc/arm-none-eabi/12.3.1/../../../../arm-none-eabi/lib/thumb/v7e-m+fp/hard\libc_nano.a(libc_a-puts.o)
 .ARM.attributes
                0x00000743       0x34 C:/ST/STM32CubeIDE_1.15.0/STM32CubeIDE/plugins/com.st.stm32cube.ide.mcu.externaltools.gnu-tools-for-stm32.12.3.rel1.win32_1.0.100.202403111256/tools/bin/../lib/gcc/arm-none-eabi/12.3.1/../../../../arm-none-eabi/lib/thumb/v7e-m+fp/hard\libc_nano.a(libc_a-stdio.o)
 .ARM.attributes
                0x00000777       0x34 C:/ST/STM32CubeIDE_1.15.0/STM32CubeIDE/plugins/com.st.stm32cube.ide.mcu.externaltools.gnu-tools-for-stm32.12.3.rel1.win32_1.0.100.202403111256/tools/bin/../lib/gcc/arm-none-eabi/12.3.1/../../../../arm-none-eabi/lib/thumb/v7e-m+fp/hard\libc_nano.a(libc_a-wbuf.o)
 .ARM.attributes
                0x000007ab       0x34 C:/ST/STM32CubeIDE_1.15.0/STM32CubeIDE/plugins/com.st.stm32cube.ide.mcu.externaltools.gnu-tools-for-stm32.12.3.rel1.win32_1.0.100.202403111256/tools/bin/../lib/gcc/arm-none-eabi/12.3.1/../../../../arm-none-eabi/lib/thumb/v7e-m+fp/hard\libc_nano.a(libc_a-wsetup.o)
 .ARM.attributes
                0x000007df       0x34 C:/ST/STM32CubeIDE_1.15.0/STM32CubeIDE/plugins/com.st.stm32cube.ide.mcu.externaltools.gnu-tools-for-stm32.12.3.rel1.win32_1.0.100.202403111256/tools/bin/../lib/gcc/arm-none-eabi/12.3.1/../../../../arm-none-eabi/lib/thumb/v7e-m+fp/hard\libc_nano.a(libc_a-memset.o)
 .ARM.attributes
                0x00000813       0x34 C:/ST/STM32CubeIDE_1.15.0/STM32CubeIDE/plugins/com.st.stm32cube.ide.mcu.externaltools.gnu-tools-for-stm32.12.3.rel1.win32_1.0.100.202403111256/tools/bin/../lib/gcc/arm-none-eabi/12.3.1/../../../../arm-none-eabi/lib/thumb/v7e-m+fp/hard\libc_nano.a(libc_a-closer.o)
 .ARM.attributes
                0x00000847       0x34 C:/ST/STM32CubeIDE_1.15.0/STM32CubeIDE/plugins/com.st.stm32cube.ide.mcu.externaltools.gnu-tools-for-stm32.12.3.rel1.win32_1.0.100.202403111256/tools/bin/../lib/gcc/arm-none-eabi/12.3.1/../../../../arm-none-eabi/lib/thumb/v7e-m+fp/hard\libc_nano.a(libc_a-reent.o)
 .ARM.attributes
                0x0000087b       0x34 C:/ST/STM32CubeIDE_1.15.0/STM32CubeIDE/plugins/com.st.stm32cube.ide.mcu.externaltools.gnu-tools-for-stm32.12.3.rel1.win32_1.0.100.202403111256/tools/bin/../lib/gcc/arm-none-eabi/12.3.1/../../../../arm-none-eabi/lib/thumb/v7e-m+fp/hard\libc_nano.a(libc_a-impure.o)
 .ARM.attributes
                0x000008af       0x34 C:/ST/STM32CubeIDE_1.15.0/STM32CubeIDE/plugins/com.st.stm32cube.ide.mcu.externaltools.gnu-tools-for-stm32.12.3.rel1.win32_1.0.100.202403111256/tools/bin/../lib/gcc/arm-none-eabi/12.3.1/../../../../arm-none-eabi/lib/thumb/v7e-m+fp/hard\libc_nano.a(libc_a-lseekr.o)
 .ARM.attributes
                0x000008e3       0x34 C:/ST/STM32CubeIDE_1.15.0/STM32CubeIDE/plugins/com.st.stm32cube.ide.mcu.externaltools.gnu-tools-for-stm32.12.3.rel1.win32_1.0.100.202403111256/tools/bin/../lib/gcc/arm-none-eabi/12.3.1/../../../../arm-none-eabi/lib/thumb/v7e-m+fp/hard\libc_nano.a(libc_a-readr.o)
 .ARM.attributes
                0x00000917       0x34 C:/ST/STM32CubeIDE_1.15.0/STM32CubeIDE/plugins/com.st.stm32cube.ide.mcu.externaltools.gnu-tools-for-stm32.12.3.rel1.win32_1.0.100.202403111256/tools/bin/../lib/gcc/arm-none-eabi/12.3.1/../../../../arm-none-eabi/lib/thumb/v7e-m+fp/hard\libc_nano.a(libc_a-sbrkr.o)
 .ARM.attributes
                0x0000094b       0x34 C:/ST/STM32CubeIDE_1.15.0/STM32CubeIDE/plugins/com.st.stm32cube.ide.mcu.externaltools.gnu-tools-for-stm32.12.3.rel1.win32_1.0.100.202403111256/tools/bin/../lib/gcc/arm-none-eabi/12.3.1/../../../../arm-none-eabi/lib/thumb/v7e-m+fp/hard\libc_nano.a(libc_a-writer.o)
 .ARM.attributes
                0x0000097f       0x34 C:/ST/STM32CubeIDE_1.15.0/STM32CubeIDE/plugins/com.st.stm32cube.ide.mcu.externaltools.gnu-tools-for-stm32.12.3.rel1.win32_1.0.100.202403111256/tools/bin/../lib/gcc/arm-none-eabi/12.3.1/../../../../arm-none-eabi/lib/thumb/v7e-m+fp/hard\libc_nano.a(libc_a-errno.o)
 .ARM.attributes
                0x000009b3       0x34 C:/ST/STM32CubeIDE_1.15.0/STM32CubeIDE/plugins/com.st.stm32cube.ide.mcu.externaltools.gnu-tools-for-stm32.12.3.rel1.win32_1.0.100.202403111256/tools/bin/../lib/gcc/arm-none-eabi/12.3.1/../../../../arm-none-eabi/lib/thumb/v7e-m+fp/hard\libc_nano.a(libc_a-init.o)
 .ARM.attributes
                0x000009e7       0x34 C:/ST/STM32CubeIDE_1.15.0/STM32CubeIDE/plugins/com.st.stm32cube.ide.mcu.externaltools.gnu-tools-for-stm32.12.3.rel1.win32_1.0.100.202403111256/tools/bin/../lib/gcc/arm-none-eabi/12.3.1/../../../../arm-none-eabi/lib/thumb/v7e-m+fp/hard\libc_nano.a(libc_a-lock.o)
 .ARM.attributes
                0x00000a1b       0x34 C:/ST/STM32CubeIDE_1.15.0/STM32CubeIDE/plugins/com.st.stm32cube.ide.mcu.externaltools.gnu-tools-for-stm32.12.3.rel1.win32_1.0.100.202403111256/tools/bin/../lib/gcc/arm-none-eabi/12.3.1/../../../../arm-none-eabi/lib/thumb/v7e-m+fp/hard\libc_nano.a(libc_a-memcpy-stub.o)
 .ARM.attributes
                0x00000a4f       0x34 C:/ST/STM32CubeIDE_1.15.0/STM32CubeIDE/plugins/com.st.stm32cube.ide.mcu.externaltools.gnu-tools-for-stm32.12.3.rel1.win32_1.0.100.202403111256/tools/bin/../lib/gcc/arm-none-eabi/12.3.1/../../../../arm-none-eabi/lib/thumb/v7e-m+fp/hard\libc_nano.a(libc_a-freer.o)
 .ARM.attributes
                0x00000a83       0x34 C:/ST/STM32CubeIDE_1.15.0/STM32CubeIDE/plugins/com.st.stm32cube.ide.mcu.externaltools.gnu-tools-for-stm32.12.3.rel1.win32_1.0.100.202403111256/tools/bin/../lib/gcc/arm-none-eabi/12.3.1/../../../../arm-none-eabi/lib/thumb/v7e-m+fp/hard\libc_nano.a(libc_a-nano-vfprintf.o)
 .ARM.attributes
                0x00000ab7       0x34 C:/ST/STM32CubeIDE_1.15.0/STM32CubeIDE/plugins/com.st.stm32cube.ide.mcu.externaltools.gnu-tools-for-stm32.12.3.rel1.win32_1.0.100.202403111256/tools/bin/../lib/gcc/arm-none-eabi/12.3.1/../../../../arm-none-eabi/lib/thumb/v7e-m+fp/hard\libc_nano.a(libc_a-nano-vfprintf_i.o)
 .ARM.attributes
                0x00000aeb       0x34 C:/ST/STM32CubeIDE_1.15.0/STM32CubeIDE/plugins/com.st.stm32cube.ide.mcu.externaltools.gnu-tools-for-stm32.12.3.rel1.win32_1.0.100.202403111256/tools/bin/../lib/gcc/arm-none-eabi/12.3.1/../../../../arm-none-eabi/lib/thumb/v7e-m+fp/hard\libc_nano.a(libc_a-fflush.o)
 .ARM.attributes
                0x00000b1f       0x34 C:/ST/STM32CubeIDE_1.15.0/STM32CubeIDE/plugins/com.st.stm32cube.ide.mcu.externaltools.gnu-tools-for-stm32.12.3.rel1.win32_1.0.100.202403111256/tools/bin/../lib/gcc/arm-none-eabi/12.3.1/../../../../arm-none-eabi/lib/thumb/v7e-m+fp/hard\libc_nano.a(libc_a-makebuf.o)
 .ARM.attributes
                0x00000b53       0x34 C:/ST/STM32CubeIDE_1.15.0/STM32CubeIDE/plugins/com.st.stm32cube.ide.mcu.externaltools.gnu-tools-for-stm32.12.3.rel1.win32_1.0.100.202403111256/tools/bin/../lib/gcc/arm-none-eabi/12.3.1/../../../../arm-none-eabi/lib/thumb/v7e-m+fp/hard\libc_nano.a(libc_a-fstatr.o)
 .ARM.attributes
                0x00000b87       0x34 C:/ST/STM32CubeIDE_1.15.0/STM32CubeIDE/plugins/com.st.stm32cube.ide.mcu.externaltools.gnu-tools-for-stm32.12.3.rel1.win32_1.0.100.202403111256/tools/bin/../lib/gcc/arm-none-eabi/12.3.1/../../../../arm-none-eabi/lib/thumb/v7e-m+fp/hard\libc_nano.a(libc_a-isattyr.o)
 .ARM.attributes
                0x00000bbb       0x1c C:/ST/STM32CubeIDE_1.15.0/STM32CubeIDE/plugins/com.st.stm32cube.ide.mcu.externaltools.gnu-tools-for-stm32.12.3.rel1.win32_1.0.100.202403111256/tools/bin/../lib/gcc/arm-none-eabi/12.3.1/../../../../arm-none-eabi/lib/thumb/v7e-m+fp/hard\libc_nano.a(libc_a-memchr.o)
 .ARM.attributes
                0x00000bd7       0x22 C:/ST/STM32CubeIDE_1.15.0/STM32CubeIDE/plugins/com.st.stm32cube.ide.mcu.externaltools.gnu-tools-for-stm32.12.3.rel1.win32_1.0.100.202403111256/tools/bin/../lib/gcc/arm-none-eabi/12.3.1/thumb/v7e-m+fp/hard\libgcc.a(_aeabi_uldivmod.o)
 .ARM.attributes
                0x00000bf9       0x34 C:/ST/STM32CubeIDE_1.15.0/STM32CubeIDE/plugins/com.st.stm32cube.ide.mcu.externaltools.gnu-tools-for-stm32.12.3.rel1.win32_1.0.100.202403111256/tools/bin/../lib/gcc/arm-none-eabi/12.3.1/thumb/v7e-m+fp/hard\libgcc.a(_udivmoddi4.o)
 .ARM.attributes
                0x00000c2d       0x22 C:/ST/STM32CubeIDE_1.15.0/STM32CubeIDE/plugins/com.st.stm32cube.ide.mcu.externaltools.gnu-tools-for-stm32.12.3.rel1.win32_1.0.100.202403111256/tools/bin/../lib/gcc/arm-none-eabi/12.3.1/thumb/v7e-m+fp/hard\libgcc.a(_dvmd_tls.o)
 .ARM.attributes
                0x00000c4f       0x22 C:/ST/STM32CubeIDE_1.15.0/STM32CubeIDE/plugins/com.st.stm32cube.ide.mcu.externaltools.gnu-tools-for-stm32.12.3.rel1.win32_1.0.100.202403111256/tools/bin/../lib/gcc/arm-none-eabi/12.3.1/thumb/v7e-m+fp/hard/crtn.o
OUTPUT(NccSign_opt.elf elf32-littlearm)
LOAD linker stubs
LOAD C:/ST/STM32CubeIDE_1.15.0/STM32CubeIDE/plugins/com.st.stm32cube.ide.mcu.externaltools.gnu-tools-for-stm32.12.3.rel1.win32_1.0.100.202403111256/tools/bin/../lib/gcc/arm-none-eabi/12.3.1/../../../../arm-none-eabi/lib/thumb/v7e-m+fp/hard\libc.a
LOAD C:/ST/STM32CubeIDE_1.15.0/STM32CubeIDE/plugins/com.st.stm32cube.ide.mcu.externaltools.gnu-tools-for-stm32.12.3.rel1.win32_1.0.100.202403111256/tools/bin/../lib/gcc/arm-none-eabi/12.3.1/../../../../arm-none-eabi/lib/thumb/v7e-m+fp/hard\libm.a
LOAD C:/ST/STM32CubeIDE_1.15.0/STM32CubeIDE/plugins/com.st.stm32cube.ide.mcu.externaltools.gnu-tools-for-stm32.12.3.rel1.win32_1.0.100.202403111256/tools/bin/../lib/gcc/arm-none-eabi/12.3.1/thumb/v7e-m+fp/hard\libgcc.a

.debug_info     0x00000000    0x1e253
 .debug_info    0x00000000     0x1db4 ./Core/Src/main.o
 .debug_info    0x00001db4     0x169c ./Core/Src/stm32l4xx_hal_msp.o
 .debug_info    0x00003450      0x115 ./Core/Src/stm32l4xx_it.o
 .debug_info    0x00003565      0x7a5 ./Core/Src/syscalls.o
 .debug_info    0x00003d0a      0x186 ./Core/Src/sysmem.o
 .debug_info    0x00003e90      0x607 ./Core/Src/system_stm32l4xx.o
 .debug_info    0x00004497     0x2e54 ./Core/Src/ncc/fips202.o
 .debug_info    0x000072eb       0x25 ./Core/Src/ncc/intt.o
 .debug_info    0x00007310       0x25 ./Core/Src/ncc/keccakf1600.o
 .debug_info    0x00007335       0x25 ./Core/Src/ncc/mont.o
 .debug_info    0x0000735a       0x25 ./Core/Src/ncc/ntt.o
 .debug_info    0x0000737f      0x887 ./Core/Src/ncc/packing.o
 .debug_info    0x00007c06     0x14a3 ./Core/Src/ncc/poly.o
 .debug_info    0x000090a9      0x2b4 ./Core/Src/ncc/randombytes.o
 .debug_info    0x0000935d      0x2ac ./Core/Src/ncc/reduce.o
 .debug_info    0x00009609      0x244 ./Core/Src/ncc/rounding.o
 .debug_info    0x0000984d     0x1651 ./Core/Src/ncc/sign.o
 .debug_info    0x0000ae9e      0x328 ./Core/Src/ncc/symmetric-shake.o
 .debug_info    0x0000b1c6       0x30 ./Core/Startup/startup_stm32l4r5zitx.o
 .debug_info    0x0000b1f6      0xc50 ./Drivers/STM32L4xx_HAL_Driver/Src/stm32l4xx_hal.o
 .debug_info    0x0000be46      0xfff ./Drivers/STM32L4xx_HAL_Driver/Src/stm32l4xx_hal_cortex.o
 .debug_info    0x0000ce45      0x7bd ./Drivers/STM32L4xx_HAL_Driver/Src/stm32l4xx_hal_gpio.o
 .debug_info    0x0000d602     0x1d94 ./Drivers/STM32L4xx_HAL_Driver/Src/stm32l4xx_hal_pcd.o
 .debug_info    0x0000f396      0xa10 ./Drivers/STM32L4xx_HAL_Driver/Src/stm32l4xx_hal_pcd_ex.o
 .debug_info    0x0000fda6      0xac2 ./Drivers/STM32L4xx_HAL_Driver/Src/stm32l4xx_hal_pwr_ex.o
 .debug_info    0x00010868     0x1029 ./Drivers/STM32L4xx_HAL_Driver/Src/stm32l4xx_hal_rcc.o
 .debug_info    0x00011891     0x14a8 ./Drivers/STM32L4xx_HAL_Driver/Src/stm32l4xx_hal_rcc_ex.o
 .debug_info    0x00012d39     0x7fee ./Drivers/STM32L4xx_HAL_Driver/Src/stm32l4xx_hal_uart.o
 .debug_info    0x0001ad27     0x140d ./Drivers/STM32L4xx_HAL_Driver/Src/stm32l4xx_hal_uart_ex.o
 .debug_info    0x0001c134     0x211f ./Drivers/STM32L4xx_HAL_Driver/Src/stm32l4xx_ll_usb.o

.debug_abbrev   0x00000000     0x3fe1
 .debug_abbrev  0x00000000      0x3fd ./Core/Src/main.o
 .debug_abbrev  0x000003fd      0x2b3 ./Core/Src/stm32l4xx_hal_msp.o
 .debug_abbrev  0x000006b0       0xb6 ./Core/Src/stm32l4xx_it.o
 .debug_abbrev  0x00000766      0x206 ./Core/Src/syscalls.o
 .debug_abbrev  0x0000096c       0xdc ./Core/Src/sysmem.o
 .debug_abbrev  0x00000a48      0x120 ./Core/Src/system_stm32l4xx.o
 .debug_abbrev  0x00000b68      0x32f ./Core/Src/ncc/fips202.o
 .debug_abbrev  0x00000e97       0x14 ./Core/Src/ncc/intt.o
 .debug_abbrev  0x00000eab       0x14 ./Core/Src/ncc/keccakf1600.o
 .debug_abbrev  0x00000ebf       0x14 ./Core/Src/ncc/mont.o
 .debug_abbrev  0x00000ed3       0x14 ./Core/Src/ncc/ntt.o
 .debug_abbrev  0x00000ee7      0x211 ./Core/Src/ncc/packing.o
 .debug_abbrev  0x000010f8      0x331 ./Core/Src/ncc/poly.o
 .debug_abbrev  0x00001429      0x163 ./Core/Src/ncc/randombytes.o
 .debug_abbrev  0x0000158c      0x139 ./Core/Src/ncc/reduce.o
 .debug_abbrev  0x000016c5      0x14e ./Core/Src/ncc/rounding.o
 .debug_abbrev  0x00001813      0x213 ./Core/Src/ncc/sign.o
 .debug_abbrev  0x00001a26      0x11a ./Core/Src/ncc/symmetric-shake.o
 .debug_abbrev  0x00001b40       0x24 ./Core/Startup/startup_stm32l4r5zitx.o
 .debug_abbrev  0x00001b64      0x2dd ./Drivers/STM32L4xx_HAL_Driver/Src/stm32l4xx_hal.o
 .debug_abbrev  0x00001e41      0x392 ./Drivers/STM32L4xx_HAL_Driver/Src/stm32l4xx_hal_cortex.o
 .debug_abbrev  0x000021d3      0x1fb ./Drivers/STM32L4xx_HAL_Driver/Src/stm32l4xx_hal_gpio.o
 .debug_abbrev  0x000023ce      0x3c9 ./Drivers/STM32L4xx_HAL_Driver/Src/stm32l4xx_hal_pcd.o
 .debug_abbrev  0x00002797      0x2d3 ./Drivers/STM32L4xx_HAL_Driver/Src/stm32l4xx_hal_pcd_ex.o
 .debug_abbrev  0x00002a6a      0x296 ./Drivers/STM32L4xx_HAL_Driver/Src/stm32l4xx_hal_pwr_ex.o
 .debug_abbrev  0x00002d00      0x332 ./Drivers/STM32L4xx_HAL_Driver/Src/stm32l4xx_hal_rcc.o
 .debug_abbrev  0x00003032      0x361 ./Drivers/STM32L4xx_HAL_Driver/Src/stm32l4xx_hal_rcc_ex.o
 .debug_abbrev  0x00003393      0x4b8 ./Drivers/STM32L4xx_HAL_Driver/Src/stm32l4xx_hal_uart.o
 .debug_abbrev  0x0000384b      0x360 ./Drivers/STM32L4xx_HAL_Driver/Src/stm32l4xx_hal_uart_ex.o
 .debug_abbrev  0x00003bab      0x436 ./Drivers/STM32L4xx_HAL_Driver/Src/stm32l4xx_ll_usb.o

.debug_loclists
                0x00000000     0xf17d
 .debug_loclists
                0x00000000       0xf5 ./Core/Src/main.o
 .debug_loclists
                0x000000f5       0x99 ./Core/Src/stm32l4xx_hal_msp.o
 .debug_loclists
                0x0000018e      0x255 ./Core/Src/syscalls.o
 .debug_loclists
                0x000003e3       0x4e ./Core/Src/sysmem.o
 .debug_loclists
                0x00000431       0xdc ./Core/Src/system_stm32l4xx.o
 .debug_loclists
                0x0000050d     0x1bd6 ./Core/Src/ncc/fips202.o
 .debug_loclists
                0x000020e3      0xf5c ./Core/Src/ncc/packing.o
 .debug_loclists
                0x0000303f      0xee8 ./Core/Src/ncc/poly.o
 .debug_loclists
                0x00003f27      0x1d1 ./Core/Src/ncc/randombytes.o
 .debug_loclists
                0x000040f8      0x233 ./Core/Src/ncc/reduce.o
 .debug_loclists
                0x0000432b      0x2a5 ./Core/Src/ncc/rounding.o
 .debug_loclists
                0x000045d0      0x4e5 ./Core/Src/ncc/sign.o
 .debug_loclists
                0x00004ab5       0x8a ./Core/Src/ncc/symmetric-shake.o
 .debug_loclists
                0x00004b3f      0x15b ./Drivers/STM32L4xx_HAL_Driver/Src/stm32l4xx_hal.o
 .debug_loclists
                0x00004c9a      0x4d3 ./Drivers/STM32L4xx_HAL_Driver/Src/stm32l4xx_hal_cortex.o
 .debug_loclists
                0x0000516d      0x291 ./Drivers/STM32L4xx_HAL_Driver/Src/stm32l4xx_hal_gpio.o
 .debug_loclists
                0x000053fe     0x145b ./Drivers/STM32L4xx_HAL_Driver/Src/stm32l4xx_hal_pcd.o
 .debug_loclists
                0x00006859      0x20a ./Drivers/STM32L4xx_HAL_Driver/Src/stm32l4xx_hal_pcd_ex.o
 .debug_loclists
                0x00006a63      0x3f5 ./Drivers/STM32L4xx_HAL_Driver/Src/stm32l4xx_hal_pwr_ex.o
 .debug_loclists
                0x00006e58      0x680 ./Drivers/STM32L4xx_HAL_Driver/Src/stm32l4xx_hal_rcc.o
 .debug_loclists
                0x000074d8      0xc77 ./Drivers/STM32L4xx_HAL_Driver/Src/stm32l4xx_hal_rcc_ex.o
 .debug_loclists
                0x0000814f     0x4d5c ./Drivers/STM32L4xx_HAL_Driver/Src/stm32l4xx_hal_uart.o
 .debug_loclists
                0x0000ceab      0x8ab ./Drivers/STM32L4xx_HAL_Driver/Src/stm32l4xx_hal_uart_ex.o
 .debug_loclists
                0x0000d756     0x1a27 ./Drivers/STM32L4xx_HAL_Driver/Src/stm32l4xx_ll_usb.o

.debug_aranges  0x00000000     0x11b0
 .debug_aranges
                0x00000000       0x38 ./Core/Src/main.o
 .debug_aranges
                0x00000038       0x40 ./Core/Src/stm32l4xx_hal_msp.o
 .debug_aranges
                0x00000078       0x60 ./Core/Src/stm32l4xx_it.o
 .debug_aranges
                0x000000d8       0xa8 ./Core/Src/syscalls.o
 .debug_aranges
                0x00000180       0x20 ./Core/Src/sysmem.o
 .debug_aranges
                0x000001a0       0x28 ./Core/Src/system_stm32l4xx.o
 .debug_aranges
                0x000001c8      0x198 ./Core/Src/ncc/fips202.o
 .debug_aranges
                0x00000360       0x20 ./Core/Src/ncc/intt.o
 .debug_aranges
                0x00000380       0x20 ./Core/Src/ncc/keccakf1600.o
 .debug_aranges
                0x000003a0       0x20 ./Core/Src/ncc/mont.o
 .debug_aranges
                0x000003c0       0x20 ./Core/Src/ncc/ntt.o
 .debug_aranges
                0x000003e0       0x90 ./Core/Src/ncc/packing.o
 .debug_aranges
                0x00000470       0xd0 ./Core/Src/ncc/poly.o
 .debug_aranges
                0x00000540       0x30 ./Core/Src/ncc/randombytes.o
 .debug_aranges
                0x00000570       0x50 ./Core/Src/ncc/reduce.o
 .debug_aranges
                0x000005c0       0x38 ./Core/Src/ncc/rounding.o
 .debug_aranges
                0x000005f8       0x40 ./Core/Src/ncc/sign.o
 .debug_aranges
                0x00000638       0x28 ./Core/Src/ncc/symmetric-shake.o
 .debug_aranges
                0x00000660       0x28 ./Core/Startup/startup_stm32l4r5zitx.o
 .debug_aranges
                0x00000688      0x130 ./Drivers/STM32L4xx_HAL_Driver/Src/stm32l4xx_hal.o
 .debug_aranges
                0x000007b8       0xa8 ./Drivers/STM32L4xx_HAL_Driver/Src/stm32l4xx_hal_cortex.o
 .debug_aranges
                0x00000860       0x58 ./Drivers/STM32L4xx_HAL_Driver/Src/stm32l4xx_hal_gpio.o
 .debug_aranges
                0x000008b8      0x120 ./Drivers/STM32L4xx_HAL_Driver/Src/stm32l4xx_hal_pcd.o
 .debug_aranges
                0x000009d8       0x60 ./Drivers/STM32L4xx_HAL_Driver/Src/stm32l4xx_hal_pcd_ex.o
 .debug_aranges
                0x00000a38      0x170 ./Drivers/STM32L4xx_HAL_Driver/Src/stm32l4xx_hal_pwr_ex.o
 .debug_aranges
                0x00000ba8       0x90 ./Drivers/STM32L4xx_HAL_Driver/Src/stm32l4xx_hal_rcc.o
 .debug_aranges
                0x00000c38      0x110 ./Drivers/STM32L4xx_HAL_Driver/Src/stm32l4xx_hal_rcc_ex.o
 .debug_aranges
                0x00000d48      0x238 ./Drivers/STM32L4xx_HAL_Driver/Src/stm32l4xx_hal_uart.o
 .debug_aranges
                0x00000f80       0x98 ./Drivers/STM32L4xx_HAL_Driver/Src/stm32l4xx_hal_uart_ex.o
 .debug_aranges
                0x00001018      0x198 ./Drivers/STM32L4xx_HAL_Driver/Src/stm32l4xx_ll_usb.o

.debug_rnglists
                0x00000000     0x18f3
 .debug_rnglists
                0x00000000       0x73 ./Core/Src/main.o
 .debug_rnglists
                0x00000073       0x63 ./Core/Src/stm32l4xx_hal_msp.o
 .debug_rnglists
                0x000000d6       0x43 ./Core/Src/stm32l4xx_it.o
 .debug_rnglists
                0x00000119       0x85 ./Core/Src/syscalls.o
 .debug_rnglists
                0x0000019e       0x13 ./Core/Src/sysmem.o
 .debug_rnglists
                0x000001b1       0x1a ./Core/Src/system_stm32l4xx.o
 .debug_rnglists
                0x000001cb      0x38d ./Core/Src/ncc/fips202.o
 .debug_rnglists
                0x00000558       0x7d ./Core/Src/ncc/packing.o
 .debug_rnglists
                0x000005d5       0xf6 ./Core/Src/ncc/poly.o
 .debug_rnglists
                0x000006cb       0x21 ./Core/Src/ncc/randombytes.o
 .debug_rnglists
                0x000006ec       0x52 ./Core/Src/ncc/reduce.o
 .debug_rnglists
                0x0000073e       0x66 ./Core/Src/ncc/rounding.o
 .debug_rnglists
                0x000007a4       0x2e ./Core/Src/ncc/sign.o
 .debug_rnglists
                0x000007d2       0x19 ./Core/Src/ncc/symmetric-shake.o
 .debug_rnglists
                0x000007eb       0x19 ./Core/Startup/startup_stm32l4r5zitx.o
 .debug_rnglists
                0x00000804       0xdf ./Drivers/STM32L4xx_HAL_Driver/Src/stm32l4xx_hal.o
 .debug_rnglists
                0x000008e3       0xee ./Drivers/STM32L4xx_HAL_Driver/Src/stm32l4xx_hal_cortex.o
 .debug_rnglists
                0x000009d1       0x3f ./Drivers/STM32L4xx_HAL_Driver/Src/stm32l4xx_hal_gpio.o
 .debug_rnglists
                0x00000a10      0x1e5 ./Drivers/STM32L4xx_HAL_Driver/Src/stm32l4xx_hal_pcd.o
 .debug_rnglists
                0x00000bf5       0x45 ./Drivers/STM32L4xx_HAL_Driver/Src/stm32l4xx_hal_pcd_ex.o
 .debug_rnglists
                0x00000c3a      0x115 ./Drivers/STM32L4xx_HAL_Driver/Src/stm32l4xx_hal_pwr_ex.o
 .debug_rnglists
                0x00000d4f       0xc8 ./Drivers/STM32L4xx_HAL_Driver/Src/stm32l4xx_hal_rcc.o
 .debug_rnglists
                0x00000e17      0x10e ./Drivers/STM32L4xx_HAL_Driver/Src/stm32l4xx_hal_rcc_ex.o
 .debug_rnglists
                0x00000f25      0x720 ./Drivers/STM32L4xx_HAL_Driver/Src/stm32l4xx_hal_uart.o
 .debug_rnglists
                0x00001645       0xa8 ./Drivers/STM32L4xx_HAL_Driver/Src/stm32l4xx_hal_uart_ex.o
 .debug_rnglists
                0x000016ed      0x206 ./Drivers/STM32L4xx_HAL_Driver/Src/stm32l4xx_ll_usb.o

.debug_macro    0x00000000    0x2b97c
 .debug_macro   0x00000000      0x3e4 ./Core/Src/main.o
 .debug_macro   0x000003e4      0xab4 ./Core/Src/main.o
 .debug_macro   0x00000e98      0x1a7 ./Core/Src/main.o
 .debug_macro   0x0000103f       0x2e ./Core/Src/main.o
 .debug_macro   0x0000106d       0x28 ./Core/Src/main.o
 .debug_macro   0x00001095       0x22 ./Core/Src/main.o
 .debug_macro   0x000010b7       0x8e ./Core/Src/main.o
 .debug_macro   0x00001145       0x51 ./Core/Src/main.o
 .debug_macro   0x00001196      0x103 ./Core/Src/main.o
 .debug_macro   0x00001299       0x6a ./Core/Src/main.o
 .debug_macro   0x00001303      0x1df ./Core/Src/main.o
 .debug_macro   0x000014e2       0x1c ./Core/Src/main.o
 .debug_macro   0x000014fe       0x22 ./Core/Src/main.o
 .debug_macro   0x00001520       0xfb ./Core/Src/main.o
 .debug_macro   0x0000161b     0x1011 ./Core/Src/main.o
 .debug_macro   0x0000262c      0x11f ./Core/Src/main.o
 .debug_macro   0x0000274b    0x1cb71 ./Core/Src/main.o
 .debug_macro   0x0001f2bc       0x6d ./Core/Src/main.o
 .debug_macro   0x0001f329     0x38ed ./Core/Src/main.o
 .debug_macro   0x00022c16      0x189 ./Core/Src/main.o
 .debug_macro   0x00022d9f       0x5c ./Core/Src/main.o
 .debug_macro   0x00022dfb     0x1884 ./Core/Src/main.o
 .debug_macro   0x0002467f      0x7dc ./Core/Src/main.o
 .debug_macro   0x00024e5b      0x1b9 ./Core/Src/main.o
 .debug_macro   0x00025014      0x225 ./Core/Src/main.o
 .debug_macro   0x00025239      0x486 ./Core/Src/main.o
 .debug_macro   0x000256bf      0x1ce ./Core/Src/main.o
 .debug_macro   0x0002588d       0x43 ./Core/Src/main.o
 .debug_macro   0x000258d0      0x23d ./Core/Src/main.o
 .debug_macro   0x00025b0d      0x241 ./Core/Src/main.o
 .debug_macro   0x00025d4e      0x416 ./Core/Src/main.o
 .debug_macro   0x00026164       0x1c ./Core/Src/main.o
 .debug_macro   0x00026180       0xf2 ./Core/Src/main.o
 .debug_macro   0x00026272      0x209 ./Core/Src/main.o
 .debug_macro   0x0002647b       0x97 ./Core/Src/main.o
 .debug_macro   0x00026512      0x122 ./Core/Src/main.o
 .debug_macro   0x00026634      0x3f6 ./Core/Src/main.o
 .debug_macro   0x00026a2a      0x693 ./Core/Src/main.o
 .debug_macro   0x000270bd       0xa6 ./Core/Src/main.o
 .debug_macro   0x00027163      0x432 ./Core/Src/main.o
 .debug_macro   0x00027595       0xd0 ./Core/Src/main.o
 .debug_macro   0x00027665       0x61 ./Core/Src/main.o
 .debug_macro   0x000276c6       0x2a ./Core/Src/main.o
 .debug_macro   0x000276f0       0x43 ./Core/Src/main.o
 .debug_macro   0x00027733       0x34 ./Core/Src/main.o
 .debug_macro   0x00027767       0x16 ./Core/Src/main.o
 .debug_macro   0x0002777d       0x35 ./Core/Src/main.o
 .debug_macro   0x000277b2      0x369 ./Core/Src/main.o
 .debug_macro   0x00027b1b       0x10 ./Core/Src/main.o
 .debug_macro   0x00027b2b       0x16 ./Core/Src/main.o
 .debug_macro   0x00027b41       0x43 ./Core/Src/main.o
 .debug_macro   0x00027b84       0x34 ./Core/Src/main.o
 .debug_macro   0x00027bb8       0x10 ./Core/Src/main.o
 .debug_macro   0x00027bc8       0x58 ./Core/Src/main.o
 .debug_macro   0x00027c20       0x8e ./Core/Src/main.o
 .debug_macro   0x00027cae       0x1c ./Core/Src/main.o
 .debug_macro   0x00027cca      0x177 ./Core/Src/main.o
 .debug_macro   0x00027e41       0x16 ./Core/Src/main.o