../Core/Src/ncc/aes.c:74:13:br_aes_ct64_bitslice_Sbox	200	static
../Core/Src/ncc/aes.c:249:13:br_aes_ct64_ortho	80	static
../Core/Src/ncc/aes.c:403:13:br_aes_ct64_skey_expand.constprop	32	static
../Core/Src/ncc/aes.c:347:13:br_aes_ct64_keysched.constprop	352	static
../Core/Src/ncc/aes.c:501:13:aes_ecb4x.constprop	264	static
../Core/Src/ncc/aes.c:501:13:aes_ecb4x.constprop	264	static
../Core/Src/ncc/aes.c:534:13:aes_ctr4x.constprop	8	static
../Core/Src/ncc/aes.c:501:13:aes_ecb4x.constprop	264	static
../Core/Src/ncc/aes.c:599:6:aes128_ecb_keyexp	528	static
../Core/Src/ncc/aes.c:613:6:aes128_ctr_keyexp	0	static
../Core/Src/ncc/aes.c:618:6:aes192_ecb_keyexp	560	static
../Core/Src/ncc/aes.c:631:6:aes192_ctr_keyexp	0	static
../Core/Src/ncc/aes.c:636:6:aes256_ecb_keyexp	256	static
../Core/Src/ncc/aes.c:649:6:aes256_ctr_keyexp	256	static
../Core/Src/ncc/aes.c:654:6:aes128_ecb	160	static
../Core/Src/ncc/aes.c:659:6:aes128_ctr	176	static
../Core/Src/ncc/aes.c:664:6:aes192_ecb	160	static
../Core/Src/ncc/aes.c:669:6:aes192_ctr	176	static
../Core/Src/ncc/aes.c:674:6:aes256_ecb	160	static
../Core/Src/ncc/aes.c:679:6:aes256_ctr	176	static
../Core/Src/ncc/aes.c:684:6:aes128_ctx_release	0	static
../Core/Src/ncc/aes.c:689:6:aes192_ctx_release	0	static
../Core/Src/ncc/aes.c:694:6:aes256_ctx_release	0	static
../Core/Src/ncc/aes.c:737:6:aes256ctr_prf	1312	static
../Core/Src/ncc/aes.c:745:6:aes256ctr_init	256	static
../Core/Src/ncc/aes.c:759:6:aes256ctr_squeezeblocks	24	static
