../Core/Src/ncc/fips202.c:37:13:keccak_absorb.constprop	24	static
../Core/Src/ncc/fips202.c:37:13:keccak_absorb.constprop	24	static
../Core/Src/ncc/fips202.c:215:6:shake128_inc_init	8	static
../Core/Src/ncc/fips202.c:226:6:shake128_inc_absorb	24	static
../Core/Src/ncc/fips202.c:237:6:shake128_inc_finalize	16	static
../Core/Src/ncc/fips202.c:248:6:shake128_inc_squeeze	32	static
../Core/Src/ncc/fips202.c:259:6:shake128_inc_ctx_clone	0	static
../Core/Src/ncc/fips202.c:263:6:shake128_inc_ctx_release	0	static
../Core/Src/ncc/fips202.c:267:6:shake256_inc_init	8	static
../Core/Src/ncc/fips202.c:278:6:shake256_inc_absorb	24	static
../Core/Src/ncc/fips202.c:289:6:shake256_inc_finalize	16	static
../Core/Src/ncc/fips202.c:300:6:shake256_inc_squeeze	32	static
../Core/Src/ncc/fips202.c:311:6:shake256_inc_ctx_clone	0	static
../Core/Src/ncc/fips202.c:315:6:shake256_inc_ctx_release	0	static
../Core/Src/ncc/fips202.c:321:6:cshake128_simple_absorb	32	static
../Core/Src/ncc/fips202.c:358:6:cshake128_simple_squeezeblocks	16	static
../Core/Src/ncc/fips202.c:371:6:cshake128_simple	256	static
../Core/Src/ncc/fips202.c:418:6:shake128_absorb	16	static
../Core/Src/ncc/fips202.c:445:6:shake128_squeezeblocks	16	static
../Core/Src/ncc/fips202.c:457:6:shake128	248	static
../Core/Src/ncc/fips202.c:478:6:shake128_ctx_release	0	static
../Core/Src/ncc/fips202.c:481:6:shake128_ctx_clone	0	static
../Core/Src/ncc/fips202.c:485:6:shake256_absorb	16	static
../Core/Src/ncc/fips202.c:502:6:shake256_squeezeblocks	16	static
../Core/Src/ncc/fips202.c:524:6:shake256	248	static
../Core/Src/ncc/fips202.c:546:6:shake256_ctx_release	0	static
../Core/Src/ncc/fips202.c:550:6:shake256_ctx_clone	0	static
../Core/Src/ncc/fips202.c:564:6:sha3_256	240	static
../Core/Src/ncc/fips202.c:583:6:sha3_256_inc_init	8	static
../Core/Src/ncc/fips202.c:594:6:sha3_256_inc_absorb	24	static
../Core/Src/ncc/fips202.c:605:6:sha3_256_inc_finalize	152	static
../Core/Src/ncc/fips202.c:623:6:sha3_256_inc_ctx_clone	0	static
../Core/Src/ncc/fips202.c:627:6:sha3_256_inc_ctx_release	0	static
../Core/Src/ncc/fips202.c:631:6:sha3_384_inc_init	8	static
../Core/Src/ncc/fips202.c:642:6:sha3_384_inc_absorb	24	static
../Core/Src/ncc/fips202.c:653:6:sha3_384_inc_finalize	120	static
../Core/Src/ncc/fips202.c:671:6:sha3_384_inc_ctx_clone	0	static
../Core/Src/ncc/fips202.c:675:6:sha3_384_inc_ctx_release	0	static
../Core/Src/ncc/fips202.c:688:6:sha3_384	240	static
../Core/Src/ncc/fips202.c:715:6:sha3_512	240	static
../Core/Src/ncc/fips202.c:734:6:sha3_512_inc_init	8	static
../Core/Src/ncc/fips202.c:745:6:sha3_512_inc_absorb	24	static
../Core/Src/ncc/fips202.c:756:6:sha3_512_inc_finalize	88	static
../Core/Src/ncc/fips202.c:774:6:sha3_512_inc_ctx_clone	0	static
../Core/Src/ncc/fips202.c:778:6:sha3_512_inc_ctx_release	0	static
../Core/Src/ncc/fips202.c:784:6:cshake256_simple_absorb	32	static
../Core/Src/ncc/fips202.c:817:6:cshake256_simple_squeezeblocks	16	static
../Core/Src/ncc/fips202.c:830:6:cshake256_simple	256	static
