../Core/Src/ncc/packing.c:17:6:polyeta_pack	40	static
../Core/Src/ncc/packing.c:72:6:polyeta_unpack	24	static
../Core/Src/ncc/packing.c:141:6:polyt1_pack	4	static
../Core/Src/ncc/packing.c:181:6:polyt1_unpack	4	static
../Core/Src/ncc/packing.c:244:6:polyt0_pack	48	static
../Core/Src/ncc/packing.c:302:6:polyt0_unpack	28	static
../Core/Src/ncc/packing.c:348:6:polyz_pack	16	static
../Core/Src/ncc/packing.c:445:6:polyz_unpack	12	static
../Core/Src/ncc/packing.c:507:6:polyw1_pack	4	static
../Core/Src/ncc/packing.c:538:6:pack_pk	4	static
../Core/Src/ncc/packing.c:551:6:unpack_pk	8	static
../Core/Src/ncc/packing.c:564:6:pack_sk	24	static
../Core/Src/ncc/packing.c:595:6:unpack_sk	24	static
../Core/Src/ncc/packing.c:626:6:pack_sig	24	static
../Core/Src/ncc/packing.c:654:5:unpack_sig	16	static
