../Core/Src/ncc/poly.c:150:6:ntt	8	static
../Core/Src/ncc/poly.c:174:6:invntt_tomont	8	static
../Core/Src/ncc/poly.c:196:6:pointwise_mul	24	static
../Core/Src/ncc/poly.c:202:6:base_mul	24	static
../Core/Src/ncc/poly.c:220:6:poly_base_mul	0	static
../Core/Src/ncc/poly.c:237:6:reduce_modQ	4	static
../Core/Src/ncc/poly.c:244:6:poly_mul_schoolbook	18496	static
../Core/Src/ncc/poly.c:279:6:poly_caddq	16	static
../Core/Src/ncc/poly.c:289:6:poly_add	4	static
../Core/Src/ncc/poly.c:299:6:poly_modadd	24	static
../Core/Src/ncc/poly.c:307:6:poly_sub	4	static
../Core/Src/ncc/poly.c:317:6:poly_modsub	24	static
../Core/Src/ncc/poly.c:323:6:poly_shiftl	0	static
../Core/Src/ncc/poly.c:333:6:poly_power2round	24	static
../Core/Src/ncc/poly.c:343:6:poly_decompose	24	static
../Core/Src/ncc/poly.c:353:14:poly_make_hint	24	static
../Core/Src/ncc/poly.c:366:6:poly_use_hint	24	static
../Core/Src/ncc/poly.c:376:5:poly_chknorm	0	static
../Core/Src/ncc/poly.c:423:6:poly_uniform	7312	static
../Core/Src/ncc/poly.c:500:6:poly_uniform_eta	376	static
../Core/Src/ncc/poly.c:522:6:poly_uniform_gamma1	6064	static
../Core/Src/ncc/poly.c:534:6:poly_challenge	360	static
../Core/Src/ncc/poly.c:594:6:poly_reduce	16	static
